Archive member included because of file (symbol)

C:\Users\Evan\Desktop\ECE471_Public\Labs\Lab0\CMSISv2p00_LPC17xx\Debug\libCMSISv2p00_LPC17xx.a(system_LPC17xx.o)
                              ./src/cr_startup_lpc176x.o (SystemInit)
c:/nxp/lpcxpresso_4.3.0_1023/lpcxpresso/tools/bin/../lib/gcc/arm-none-eabi/4.5.1/../../../../arm-none-eabi/lib/thumb2\libcr_c.a(__weak__main.o)
                              ./src/cr_startup_lpc176x.o (__main)
c:/nxp/lpcxpresso_4.3.0_1023/lpcxpresso/tools/bin/../lib/gcc/arm-none-eabi/4.5.1/thumb2\libcr_eabihelpers.a(division.o)
                              C:\Users\Evan\Desktop\ECE471_Public\Labs\Lab0\CMSISv2p00_LPC17xx\Debug\libCMSISv2p00_LPC17xx.a(system_LPC17xx.o) (__aeabi_uldivmod)

Discarded input sections

 .text          0x00000000        0x0 ./src/cr_startup_lpc176x.o
 .data          0x00000000        0x0 ./src/cr_startup_lpc176x.o
 .bss           0x00000000        0x0 ./src/cr_startup_lpc176x.o
 .text          0x00000000        0x0 ./src/main.o
 .data          0x00000000        0x0 ./src/main.o
 .bss           0x00000000        0x0 ./src/main.o
 .text          0x00000000        0x0 C:\Users\Evan\Desktop\ECE471_Public\Labs\Lab0\CMSISv2p00_LPC17xx\Debug\libCMSISv2p00_LPC17xx.a(system_LPC17xx.o)
 .data          0x00000000        0x0 C:\Users\Evan\Desktop\ECE471_Public\Labs\Lab0\CMSISv2p00_LPC17xx\Debug\libCMSISv2p00_LPC17xx.a(system_LPC17xx.o)
 .bss           0x00000000        0x0 C:\Users\Evan\Desktop\ECE471_Public\Labs\Lab0\CMSISv2p00_LPC17xx\Debug\libCMSISv2p00_LPC17xx.a(system_LPC17xx.o)
 .text.SystemCoreClockUpdate
                0x00000000       0xf0 C:\Users\Evan\Desktop\ECE471_Public\Labs\Lab0\CMSISv2p00_LPC17xx\Debug\libCMSISv2p00_LPC17xx.a(system_LPC17xx.o)
 .data.SystemCoreClock
                0x00000000        0x4 C:\Users\Evan\Desktop\ECE471_Public\Labs\Lab0\CMSISv2p00_LPC17xx\Debug\libCMSISv2p00_LPC17xx.a(system_LPC17xx.o)
 .text          0x00000000        0x0 c:/nxp/lpcxpresso_4.3.0_1023/lpcxpresso/tools/bin/../lib/gcc/arm-none-eabi/4.5.1/../../../../arm-none-eabi/lib/thumb2\libcr_c.a(__weak__main.o)
 .data          0x00000000        0x0 c:/nxp/lpcxpresso_4.3.0_1023/lpcxpresso/tools/bin/../lib/gcc/arm-none-eabi/4.5.1/../../../../arm-none-eabi/lib/thumb2\libcr_c.a(__weak__main.o)
 .bss           0x00000000        0x0 c:/nxp/lpcxpresso_4.3.0_1023/lpcxpresso/tools/bin/../lib/gcc/arm-none-eabi/4.5.1/../../../../arm-none-eabi/lib/thumb2\libcr_c.a(__weak__main.o)
 .text          0x00000000        0x0 c:/nxp/lpcxpresso_4.3.0_1023/lpcxpresso/tools/bin/../lib/gcc/arm-none-eabi/4.5.1/thumb2\libcr_eabihelpers.a(division.o)
 .data          0x00000000        0x0 c:/nxp/lpcxpresso_4.3.0_1023/lpcxpresso/tools/bin/../lib/gcc/arm-none-eabi/4.5.1/thumb2\libcr_eabihelpers.a(division.o)
 .bss           0x00000000        0x0 c:/nxp/lpcxpresso_4.3.0_1023/lpcxpresso/tools/bin/../lib/gcc/arm-none-eabi/4.5.1/thumb2\libcr_eabihelpers.a(division.o)
 .text.__aeabi_division_idiv
                0x00000000       0x10 c:/nxp/lpcxpresso_4.3.0_1023/lpcxpresso/tools/bin/../lib/gcc/arm-none-eabi/4.5.1/thumb2\libcr_eabihelpers.a(division.o)
 .text.__aeabi_division_idivmod
                0x00000000       0x16 c:/nxp/lpcxpresso_4.3.0_1023/lpcxpresso/tools/bin/../lib/gcc/arm-none-eabi/4.5.1/thumb2\libcr_eabihelpers.a(division.o)
 .text.__aeabi_division_uidiv
                0x00000000       0x10 c:/nxp/lpcxpresso_4.3.0_1023/lpcxpresso/tools/bin/../lib/gcc/arm-none-eabi/4.5.1/thumb2\libcr_eabihelpers.a(division.o)
 .text.__aeabi_division_uidivmod
                0x00000000       0x16 c:/nxp/lpcxpresso_4.3.0_1023/lpcxpresso/tools/bin/../lib/gcc/arm-none-eabi/4.5.1/thumb2\libcr_eabihelpers.a(division.o)
 .text.__aeabi_division_ldivmod
                0x00000000       0x26 c:/nxp/lpcxpresso_4.3.0_1023/lpcxpresso/tools/bin/../lib/gcc/arm-none-eabi/4.5.1/thumb2\libcr_eabihelpers.a(division.o)
 .text.__aeabi_division_uldivmod
                0x00000000      0x174 c:/nxp/lpcxpresso_4.3.0_1023/lpcxpresso/tools/bin/../lib/gcc/arm-none-eabi/4.5.1/thumb2\libcr_eabihelpers.a(division.o)
 .text.__aeabi_division_idiv0
                0x00000000        0x2 c:/nxp/lpcxpresso_4.3.0_1023/lpcxpresso/tools/bin/../lib/gcc/arm-none-eabi/4.5.1/thumb2\libcr_eabihelpers.a(division.o)
 .text.__aeabi_division_ldiv0
                0x00000000        0x2 c:/nxp/lpcxpresso_4.3.0_1023/lpcxpresso/tools/bin/../lib/gcc/arm-none-eabi/4.5.1/thumb2\libcr_eabihelpers.a(division.o)

Memory Configuration

Name             Origin             Length             Attributes
MFlash512        0x00000000         0x00080000         xr
RamLoc32         0x10000000         0x00008000         xrw
RamAHB32         0x2007c000         0x00008000         xrw
*default*        0x00000000         0xffffffff

Linker script and memory map

LOAD ./src/cr_startup_lpc176x.o
LOAD ./src/main.o
LOAD C:\Users\Evan\Desktop\ECE471_Public\Labs\Lab0\CMSISv2p00_LPC17xx\Debug\libCMSISv2p00_LPC17xx.a
START GROUP
LOAD c:/nxp/lpcxpresso_4.3.0_1023/lpcxpresso/tools/bin/../lib/gcc/arm-none-eabi/4.5.1/../../../../arm-none-eabi/lib/thumb2\libcr_c.a
LOAD c:/nxp/lpcxpresso_4.3.0_1023/lpcxpresso/tools/bin/../lib/gcc/arm-none-eabi/4.5.1/thumb2\libcr_eabihelpers.a
END GROUP
                0x00080000                __top_MFlash512 = 0x80000
                0x10008000                __top_RamLoc32 = 0x10008000
                0x20084000                __top_RamAHB32 = 0x20084000

.text           0x00000000      0x5bc
 FILL mask 0xff
 *(.isr_vector)
 .isr_vector    0x00000000       0xcc ./src/cr_startup_lpc176x.o
                0x00000000                g_pfnVectors
                0x000000cc                . = ALIGN (0x4)
                0x000000cc                __section_table_start = .
                0x000000cc                __data_section_table = .
                0x000000cc        0x4 LONG 0x5bc LOADADDR (.data)
                0x000000d0        0x4 LONG 0x10000000 ADDR (.data)
                0x000000d4        0x4 LONG 0x74 SIZEOF (.data)
                0x000000d8        0x4 LONG 0x5bc LOADADDR (.data_RAM2)
                0x000000dc        0x4 LONG 0x2007c000 ADDR (.data_RAM2)
                0x000000e0        0x4 LONG 0x0 SIZEOF (.data_RAM2)
                0x000000e4                __data_section_table_end = .
                0x000000e4                __bss_section_table = .
                0x000000e4        0x4 LONG 0x10000074 ADDR (.bss)
                0x000000e8        0x4 LONG 0x0 SIZEOF (.bss)
                0x000000ec        0x4 LONG 0x2007c000 ADDR (.bss_RAM2)
                0x000000f0        0x4 LONG 0x0 SIZEOF (.bss_RAM2)
                0x000000f4                __bss_section_table_end = .
                0x000000f4                __section_table_end = .
 *(.after_vectors*)
 .after_vectors
                0x000000f4       0x78 ./src/cr_startup_lpc176x.o
                0x000000f4                NMI_Handler
                0x000000f6                HardFault_Handler
                0x000000f8                MemManage_Handler
                0x000000fa                BusFault_Handler
                0x000000fc                UsageFault_Handler
                0x000000fe                SVC_Handler
                0x00000100                DebugMon_Handler
                0x00000102                PendSV_Handler
                0x00000104                SysTick_Handler
                0x00000106                data_init
                0x00000118                bss_init
                0x00000128                ResetISR
                0x00000168                UART1_IRQHandler
                0x00000168                EINT3_IRQHandler
                0x00000168                CANActivity_IRQHandler
                0x00000168                TIMER3_IRQHandler
                0x00000168                UART0_IRQHandler
                0x00000168                EINT2_IRQHandler
                0x00000168                I2C1_IRQHandler
                0x00000168                IntDefaultHandler
                0x00000168                PLL0_IRQHandler
                0x00000168                PWM1_IRQHandler
                0x00000168                PLL1_IRQHandler
                0x00000168                SSP0_IRQHandler
                0x00000168                I2S_IRQHandler
                0x00000168                I2C2_IRQHandler
                0x00000168                RTC_IRQHandler
                0x00000168                TIMER0_IRQHandler
                0x00000168                SPI_IRQHandler
                0x00000168                USBActivity_IRQHandler
                0x00000168                EINT1_IRQHandler
                0x00000168                TIMER1_IRQHandler
                0x00000168                UART2_IRQHandler
                0x00000168                ADC_IRQHandler
                0x00000168                SSP1_IRQHandler
                0x00000168                USB_IRQHandler
                0x00000168                BOD_IRQHandler
                0x00000168                I2C0_IRQHandler
                0x00000168                WDT_IRQHandler
                0x00000168                RIT_IRQHandler
                0x00000168                QEI_IRQHandler
                0x00000168                EINT0_IRQHandler
                0x00000168                CAN_IRQHandler
                0x00000168                DMA_IRQHandler
                0x00000168                TIMER2_IRQHandler
                0x00000168                UART3_IRQHandler
                0x00000168                MCPWM_IRQHandler
                0x00000168                ENET_IRQHandler
 *(.text*)
 .text.main     0x0000016c      0x1dc ./src/main.o
                0x0000016c                main
 .text.Setup_LED
                0x00000348      0x18c ./src/main.o
                0x00000348                Setup_LED
 .text.SystemInit
                0x000004d4       0xe4 C:\Users\Evan\Desktop\ECE471_Public\Labs\Lab0\CMSISv2p00_LPC17xx\Debug\libCMSISv2p00_LPC17xx.a(system_LPC17xx.o)
                0x000004d4                SystemInit
 .text.__weak_main
                0x000005b8        0x4 c:/nxp/lpcxpresso_4.3.0_1023/lpcxpresso/tools/bin/../lib/gcc/arm-none-eabi/4.5.1/../../../../arm-none-eabi/lib/thumb2\libcr_c.a(__weak__main.o)
                0x000005b8                __weak_main
                0x000005b8                __main
 *(.rodata .rodata.*)
                0x000005bc                . = ALIGN (0x4)

.glue_7         0x000005bc        0x0
 .glue_7        0x00000000        0x0 linker stubs

.glue_7t        0x000005bc        0x0
 .glue_7t       0x00000000        0x0 linker stubs

.vfp11_veneer   0x000005bc        0x0
 .vfp11_veneer  0x00000000        0x0 linker stubs

.v4_bx          0x000005bc        0x0
 .v4_bx         0x00000000        0x0 linker stubs

.ARM.extab
 *(.ARM.extab* .gnu.linkonce.armextab.*)
                0x000005bc                __exidx_start = .

.ARM.exidx
 *(.ARM.exidx* .gnu.linkonce.armexidx.*)
                0x000005bc                __exidx_end = .
                0x000005bc                _etext = .

.data_RAM2      0x2007c000        0x0 load address 0x000005bc
 FILL mask 0xff
 *(.data.$RAM2*)
 *(.data.$RamAHB32*)
                0x2007c000                . = ALIGN (0x4)

.uninit_RESERVED
                0x10000000        0x0
 *(.bss.$RESERVED*)
                0x10000000                . = ALIGN (0x4)
                0x10000000                _end_uninit_RESERVED = .

.data           0x10000000       0x74 load address 0x000005bc
 FILL mask 0xff
                0x10000000                _data = .
 *(vtable)
 *(.data*)
 .data.sequence1
                0x10000000       0x3c ./src/main.o
                0x10000000                sequence1
 .data.sequence2
                0x1000003c       0x1c ./src/main.o
                0x1000003c                sequence2
 .data.sequence3
                0x10000058       0x1c ./src/main.o
                0x10000058                sequence3
                0x10000074                . = ALIGN (0x4)
                0x10000074                _edata = .

.bss_RAM2       0x2007c000        0x0
 *(.bss.$RAM2*)
 *(.bss.$RamAHB32*)
                0x2007c000                . = ALIGN (0x4)

.bss            0x10000074        0x0
                0x10000074                _bss = .
 *(.bss*)
 *(COMMON)
                0x10000074                . = ALIGN (0x4)
                0x10000074                _ebss = .
                0x10000074                PROVIDE (end, .)
                0x10000074                PROVIDE (_pvHeapStart, .)
                0x10008000                PROVIDE (_vStackTop, (__top_RamLoc32 - 0x0))
OUTPUT(Lab0.axf elf32-littlearm)

.debug_abbrev   0x00000000      0x309
 .debug_abbrev  0x00000000      0x10f ./src/cr_startup_lpc176x.o
 .debug_abbrev  0x0000010f      0x117 ./src/main.o
 .debug_abbrev  0x00000226       0xe3 C:\Users\Evan\Desktop\ECE471_Public\Labs\Lab0\CMSISv2p00_LPC17xx\Debug\libCMSISv2p00_LPC17xx.a(system_LPC17xx.o)

.debug_info     0x00000000      0xb2f
 .debug_info    0x00000000      0x2e3 ./src/cr_startup_lpc176x.o
 .debug_info    0x000002e3      0x4bd ./src/main.o
 .debug_info    0x000007a0      0x38f C:\Users\Evan\Desktop\ECE471_Public\Labs\Lab0\CMSISv2p00_LPC17xx\Debug\libCMSISv2p00_LPC17xx.a(system_LPC17xx.o)

.debug_line     0x00000000      0xbc6
 .debug_line    0x00000000      0x3d2 ./src/cr_startup_lpc176x.o
 .debug_line    0x000003d2      0x41c ./src/main.o
 .debug_line    0x000007ee      0x3d8 C:\Users\Evan\Desktop\ECE471_Public\Labs\Lab0\CMSISv2p00_LPC17xx\Debug\libCMSISv2p00_LPC17xx.a(system_LPC17xx.o)

.debug_macinfo  0x00000000    0x121f4
 .debug_macinfo
                0x00000000     0x313f ./src/cr_startup_lpc176x.o
 .debug_macinfo
                0x0000313f     0x778a ./src/main.o
 .debug_macinfo
                0x0000a8c9     0x792b C:\Users\Evan\Desktop\ECE471_Public\Labs\Lab0\CMSISv2p00_LPC17xx\Debug\libCMSISv2p00_LPC17xx.a(system_LPC17xx.o)

.debug_loc      0x00000000      0x23c
 .debug_loc     0x00000000      0x1b8 ./src/cr_startup_lpc176x.o
 .debug_loc     0x000001b8       0x64 ./src/main.o
 .debug_loc     0x0000021c       0x20 C:\Users\Evan\Desktop\ECE471_Public\Labs\Lab0\CMSISv2p00_LPC17xx\Debug\libCMSISv2p00_LPC17xx.a(system_LPC17xx.o)

.debug_pubnames
                0x00000000      0x1b7
 .debug_pubnames
                0x00000000      0x115 ./src/cr_startup_lpc176x.o
 .debug_pubnames
                0x00000115       0x53 ./src/main.o
 .debug_pubnames
                0x00000168       0x4f C:\Users\Evan\Desktop\ECE471_Public\Labs\Lab0\CMSISv2p00_LPC17xx\Debug\libCMSISv2p00_LPC17xx.a(system_LPC17xx.o)

.debug_pubtypes
                0x00000000       0xa9
 .debug_pubtypes
                0x00000000       0x12 ./src/cr_startup_lpc176x.o
 .debug_pubtypes
                0x00000012       0x59 ./src/main.o
 .debug_pubtypes
                0x0000006b       0x3e C:\Users\Evan\Desktop\ECE471_Public\Labs\Lab0\CMSISv2p00_LPC17xx\Debug\libCMSISv2p00_LPC17xx.a(system_LPC17xx.o)

.debug_aranges  0x00000000       0xd0
 .debug_aranges
                0x00000000       0x80 ./src/cr_startup_lpc176x.o
 .debug_aranges
                0x00000080       0x28 ./src/main.o
 .debug_aranges
                0x000000a8       0x28 C:\Users\Evan\Desktop\ECE471_Public\Labs\Lab0\CMSISv2p00_LPC17xx\Debug\libCMSISv2p00_LPC17xx.a(system_LPC17xx.o)

.debug_ranges   0x00000000       0xa0
 .debug_ranges  0x00000000       0x70 ./src/cr_startup_lpc176x.o
 .debug_ranges  0x00000070       0x18 ./src/main.o
 .debug_ranges  0x00000088       0x18 C:\Users\Evan\Desktop\ECE471_Public\Labs\Lab0\CMSISv2p00_LPC17xx\Debug\libCMSISv2p00_LPC17xx.a(system_LPC17xx.o)

.debug_str      0x00000000      0x58b
 .debug_str     0x00000000      0x209 ./src/cr_startup_lpc176x.o
                                0x231 (size before relaxing)
 .debug_str     0x00000209      0x1b2 ./src/main.o
                                0x280 (size before relaxing)
 .debug_str     0x000003bb      0x1d0 C:\Users\Evan\Desktop\ECE471_Public\Labs\Lab0\CMSISv2p00_LPC17xx\Debug\libCMSISv2p00_LPC17xx.a(system_LPC17xx.o)
                                0x27d (size before relaxing)

.comment        0x00000000       0x2a
 .comment       0x00000000       0x2a ./src/cr_startup_lpc176x.o
                                 0x2b (size before relaxing)
 .comment       0x00000000       0x2b ./src/main.o
 .comment       0x00000000       0x2b C:\Users\Evan\Desktop\ECE471_Public\Labs\Lab0\CMSISv2p00_LPC17xx\Debug\libCMSISv2p00_LPC17xx.a(system_LPC17xx.o)
 .comment       0x00000000       0x2b c:/nxp/lpcxpresso_4.3.0_1023/lpcxpresso/tools/bin/../lib/gcc/arm-none-eabi/4.5.1/../../../../arm-none-eabi/lib/thumb2\libcr_c.a(__weak__main.o)

.ARM.attributes
                0x00000000       0x2f
 .ARM.attributes
                0x00000000       0x31 ./src/cr_startup_lpc176x.o
 .ARM.attributes
                0x00000031       0x31 ./src/main.o
 .ARM.attributes
                0x00000062       0x31 C:\Users\Evan\Desktop\ECE471_Public\Labs\Lab0\CMSISv2p00_LPC17xx\Debug\libCMSISv2p00_LPC17xx.a(system_LPC17xx.o)
 .ARM.attributes
                0x00000093       0x31 c:/nxp/lpcxpresso_4.3.0_1023/lpcxpresso/tools/bin/../lib/gcc/arm-none-eabi/4.5.1/../../../../arm-none-eabi/lib/thumb2\libcr_c.a(__weak__main.o)
 .ARM.attributes
                0x000000c4       0x21 c:/nxp/lpcxpresso_4.3.0_1023/lpcxpresso/tools/bin/../lib/gcc/arm-none-eabi/4.5.1/thumb2\libcr_eabihelpers.a(division.o)

.debug_frame    0x00000000      0x174
 .debug_frame   0x00000000       0xf0 ./src/cr_startup_lpc176x.o
 .debug_frame   0x000000f0       0x48 ./src/main.o
 .debug_frame   0x00000138       0x3c C:\Users\Evan\Desktop\ECE471_Public\Labs\Lab0\CMSISv2p00_LPC17xx\Debug\libCMSISv2p00_LPC17xx.a(system_LPC17xx.o)
