Archive member included because of file (symbol)

C:\Users\Evan\Desktop\ECE471_Public\Labs\Lab1\CMSISv2p00_LPC17xx\Debug\libCMSISv2p00_LPC17xx.a(system_LPC17xx.o)
                              ./src/cr_startup_lpc176x.o (SystemInit)
c:/nxp/lpcxpresso_5.2.6_2137/lpcxpresso/tools/bin/../lib/gcc/arm-none-eabi/4.6.2/../../../../arm-none-eabi/lib/armv7-m\libcr_nohost.a(_cr__main.o)
                              ./src/cr_startup_lpc176x.o (__main)
c:/nxp/lpcxpresso_5.2.6_2137/lpcxpresso/tools/bin/../lib/gcc/arm-none-eabi/4.6.2/../../../../arm-none-eabi/lib/armv7-m\libcr_c.a(fpprintf.o)
                              ./src/util.o (sprintf)
c:/nxp/lpcxpresso_5.2.6_2137/lpcxpresso/tools/bin/../lib/gcc/arm-none-eabi/4.6.2/../../../../arm-none-eabi/lib/armv7-m\libcr_c.a(initio.o)
                              c:/nxp/lpcxpresso_5.2.6_2137/lpcxpresso/tools/bin/../lib/gcc/arm-none-eabi/4.6.2/../../../../arm-none-eabi/lib/armv7-m\libcr_nohost.a(_cr__main.o) (_initio)
c:/nxp/lpcxpresso_5.2.6_2137/lpcxpresso/tools/bin/../lib/gcc/arm-none-eabi/4.6.2/../../../../arm-none-eabi/lib/armv7-m\libcr_c.a(printf.o)
                              c:/nxp/lpcxpresso_5.2.6_2137/lpcxpresso/tools/bin/../lib/gcc/arm-none-eabi/4.6.2/../../../../arm-none-eabi/lib/armv7-m\libcr_c.a(fpprintf.o) (__vfprintf)
c:/nxp/lpcxpresso_5.2.6_2137/lpcxpresso/tools/bin/../lib/gcc/arm-none-eabi/4.6.2/../../../../arm-none-eabi/lib/armv7-m\libcr_c.a(setvbuf.o)
                              c:/nxp/lpcxpresso_5.2.6_2137/lpcxpresso/tools/bin/../lib/gcc/arm-none-eabi/4.6.2/../../../../arm-none-eabi/lib/armv7-m\libcr_c.a(initio.o) (setvbuf)
c:/nxp/lpcxpresso_5.2.6_2137/lpcxpresso/tools/bin/../lib/gcc/arm-none-eabi/4.6.2/../../../../arm-none-eabi/lib/armv7-m\libcr_c.a(stdio.o)
                              c:/nxp/lpcxpresso_5.2.6_2137/lpcxpresso/tools/bin/../lib/gcc/arm-none-eabi/4.6.2/../../../../arm-none-eabi/lib/armv7-m\libcr_c.a(fpprintf.o) (__Ciob)
c:/nxp/lpcxpresso_5.2.6_2137/lpcxpresso/tools/bin/../lib/gcc/arm-none-eabi/4.6.2/../../../../arm-none-eabi/lib/armv7-m\libcr_c.a(strlen.o)
                              ./src/tcp.o (strlen)
c:/nxp/lpcxpresso_5.2.6_2137/lpcxpresso/tools/bin/../lib/gcc/arm-none-eabi/4.6.2/../../../../arm-none-eabi/lib/armv7-m\libcr_c.a(strstr.o)
                              ./src/tcp.o (strstr)
c:/nxp/lpcxpresso_5.2.6_2137/lpcxpresso/tools/bin/../lib/gcc/arm-none-eabi/4.6.2/../../../../arm-none-eabi/lib/armv7-m\libcr_c.a(memset.o)
                              c:/nxp/lpcxpresso_5.2.6_2137/lpcxpresso/tools/bin/../lib/gcc/arm-none-eabi/4.6.2/../../../../arm-none-eabi/lib/armv7-m\libcr_c.a(fpprintf.o) (memset)
c:/nxp/lpcxpresso_5.2.6_2137/lpcxpresso/tools/bin/../lib/gcc/arm-none-eabi/4.6.2/../../../../arm-none-eabi/lib/armv7-m\libcr_c.a(__fillbuf.o)
                              c:/nxp/lpcxpresso_5.2.6_2137/lpcxpresso/tools/bin/../lib/gcc/arm-none-eabi/4.6.2/../../../../arm-none-eabi/lib/armv7-m\libcr_c.a(stdio.o) (__filbuf)
c:/nxp/lpcxpresso_5.2.6_2137/lpcxpresso/tools/bin/../lib/gcc/arm-none-eabi/4.6.2/../../../../arm-none-eabi/lib/armv7-m\libcr_c.a(_deferredlazyseek.o)
                              c:/nxp/lpcxpresso_5.2.6_2137/lpcxpresso/tools/bin/../lib/gcc/arm-none-eabi/4.6.2/../../../../arm-none-eabi/lib/armv7-m\libcr_c.a(__fillbuf.o) (_deferredlazyseek)
c:/nxp/lpcxpresso_5.2.6_2137/lpcxpresso/tools/bin/../lib/gcc/arm-none-eabi/4.6.2/../../../../arm-none-eabi/lib/armv7-m\libcr_c.a(_fdopen.o)
                              c:/nxp/lpcxpresso_5.2.6_2137/lpcxpresso/tools/bin/../lib/gcc/arm-none-eabi/4.6.2/../../../../arm-none-eabi/lib/armv7-m\libcr_c.a(initio.o) (_fdopen)
c:/nxp/lpcxpresso_5.2.6_2137/lpcxpresso/tools/bin/../lib/gcc/arm-none-eabi/4.6.2/../../../../arm-none-eabi/lib/armv7-m\libcr_c.a(_fflush.o)
                              c:/nxp/lpcxpresso_5.2.6_2137/lpcxpresso/tools/bin/../lib/gcc/arm-none-eabi/4.6.2/../../../../arm-none-eabi/lib/armv7-m\libcr_c.a(__fillbuf.o) (_fflush)
c:/nxp/lpcxpresso_5.2.6_2137/lpcxpresso/tools/bin/../lib/gcc/arm-none-eabi/4.6.2/../../../../arm-none-eabi/lib/armv7-m\libcr_c.a(_frexpl.o)
                              c:/nxp/lpcxpresso_5.2.6_2137/lpcxpresso/tools/bin/../lib/gcc/arm-none-eabi/4.6.2/../../../../arm-none-eabi/lib/armv7-m\libcr_c.a(fpprintf.o) (_frexpl)
c:/nxp/lpcxpresso_5.2.6_2137/lpcxpresso/tools/bin/../lib/gcc/arm-none-eabi/4.6.2/../../../../arm-none-eabi/lib/armv7-m\libcr_c.a(_ldexpl.o)
                              c:/nxp/lpcxpresso_5.2.6_2137/lpcxpresso/tools/bin/../lib/gcc/arm-none-eabi/4.6.2/../../../../arm-none-eabi/lib/armv7-m\libcr_c.a(fpprintf.o) (_ldexpl)
c:/nxp/lpcxpresso_5.2.6_2137/lpcxpresso/tools/bin/../lib/gcc/arm-none-eabi/4.6.2/../../../../arm-none-eabi/lib/armv7-m\libcr_c.a(_writebuf.o)
                              c:/nxp/lpcxpresso_5.2.6_2137/lpcxpresso/tools/bin/../lib/gcc/arm-none-eabi/4.6.2/../../../../arm-none-eabi/lib/armv7-m\libcr_c.a(_deferredlazyseek.o) (_Cwritebuf)
[...]
Memory Configuration

Name             Origin             Length             Attributes
MFlash512        0x00000000         0x00080000         xr
RamLoc32         0x10000000         0x00008000         xrw
RamAHB32         0x2007c000         0x00008000         xrw
*default*        0x00000000         0xffffffff

Linker script and memory map

LOAD ./src/SPI2.o
LOAD ./src/adc.o
LOAD ./src/cr_startup_lpc176x.o
LOAD ./src/ece471.o
LOAD ./src/lcd.o
LOAD ./src/main.o
LOAD ./src/socket.o
LOAD ./src/ssp.o
LOAD ./src/tcp.o
LOAD ./src/udp.o
LOAD ./src/util.o
LOAD ./src/w5200.o
LOAD C:\Users\Evan\Desktop\ECE471_Public\Labs\Lab1\CMSISv2p00_LPC17xx\Debug\libCMSISv2p00_LPC17xx.a
START GROUP
LOAD c:/nxp/lpcxpresso_5.2.6_2137/lpcxpresso/tools/bin/../lib/gcc/arm-none-eabi/4.6.2/../../../../arm-none-eabi/lib/armv7-m\libcr_nohost.a
LOAD c:/nxp/lpcxpresso_5.2.6_2137/lpcxpresso/tools/bin/../lib/gcc/arm-none-eabi/4.6.2/../../../../arm-none-eabi/lib/armv7-m\libcr_c.a
LOAD c:/nxp/lpcxpresso_5.2.6_2137/lpcxpresso/tools/bin/../lib/gcc/arm-none-eabi/4.6.2/armv7-m\libcr_eabihelpers.a
END GROUP
                0x00080000                __top_MFlash512 = 0x80000
                0x10008000                __top_RamLoc32 = 0x10008000
                0x20084000                __top_RamAHB32 = 0x20084000

.text           0x00000000     0x5670
 FILL mask 0xff
                0x00000000                __vectors_start__ = ABSOLUTE (.)
 *(.isr_vector)
 .isr_vector    0x00000000       0xcc ./src/cr_startup_lpc176x.o
                0x00000000                g_pfnVectors
                0x000000cc                . = ALIGN (0x4)
                0x000000cc                __section_table_start = .
                0x000000cc                __data_section_table = .
                0x000000cc        0x4 LONG 0x5670 LOADADDR (.data)
                0x000000d0        0x4 LONG 0x10000000 ADDR (.data)
                0x000000d4        0x4 LONG 0x24 SIZEOF (.data)
                0x000000d8        0x4 LONG 0x5670 LOADADDR (.data_RAM2)
                0x000000dc        0x4 LONG 0x2007c000 ADDR (.data_RAM2)
                0x000000e0        0x4 LONG 0x0 SIZEOF (.data_RAM2)
                0x000000e4                __data_section_table_end = .
                0x000000e4                __bss_section_table = .
                0x000000e4        0x4 LONG 0x10000024 ADDR (.bss)
                0x000000e8        0x4 LONG 0x1a0c SIZEOF (.bss)
                0x000000ec        0x4 LONG 0x2007c000 ADDR (.bss_RAM2)
                0x000000f0        0x4 LONG 0x0 SIZEOF (.bss_RAM2)
                0x000000f4                __bss_section_table_end = .
                0x000000f4                __section_table_end = .
 *(.after_vectors*)
 .after_vectors
                0x000000f4       0x78 ./src/cr_startup_lpc176x.o
                0x000000f4                NMI_Handler
                0x000000f6                HardFault_Handler
                0x000000f8                MemManage_Handler
                0x000000fa                BusFault_Handler
                0x000000fc                UsageFault_Handler
                0x000000fe                SVC_Handler
                0x00000100                DebugMon_Handler
                0x00000102                PendSV_Handler
                0x00000104                SysTick_Handler
                0x00000106                data_init
                0x00000118                bss_init
                0x00000128                ResetISR
                0x00000168                UART1_IRQHandler
                0x00000168                EINT3_IRQHandler
                0x00000168                CANActivity_IRQHandler
                0x00000168                TIMER3_IRQHandler
                0x00000168                UART0_IRQHandler
                0x00000168                EINT2_IRQHandler
                0x00000168                I2C1_IRQHandler
                0x00000168                IntDefaultHandler
                0x00000168                PLL0_IRQHandler
                0x00000168                PWM1_IRQHandler
                0x00000168                PLL1_IRQHandler
                0x00000168                SSP0_IRQHandler
                0x00000168                I2S_IRQHandler
                0x00000168                I2C2_IRQHandler
                0x00000168                RTC_IRQHandler
                0x00000168                TIMER0_IRQHandler
                0x00000168                SPI_IRQHandler
                0x00000168                USBActivity_IRQHandler
                0x00000168                EINT1_IRQHandler
                0x00000168                TIMER1_IRQHandler
                0x00000168                UART2_IRQHandler
                0x00000168                ADC_IRQHandler
                0x00000168                SSP1_IRQHandler
                0x00000168                USB_IRQHandler
                0x00000168                BOD_IRQHandler
                0x00000168                I2C0_IRQHandler
                0x00000168                WDT_IRQHandler
                0x00000168                RIT_IRQHandler
                0x00000168                QEI_IRQHandler
                0x00000168                EINT0_IRQHandler
                0x00000168                CAN_IRQHandler
                0x00000168                DMA_IRQHandler
                0x00000168                TIMER2_IRQHandler
                0x00000168                UART3_IRQHandler
                0x00000168                MCPWM_IRQHandler
                0x00000168                ENET_IRQHandler
 *(.text*)
 .text.WIZ_SPI_Init
                0x0000016c        0xc ./src/SPI2.o
                0x0000016c                WIZ_SPI_Init
 .text.WIZ_CS   0x00000178       0x40 ./src/SPI2.o
                0x00000178                WIZ_CS
 .text.SPI1_SendByte
                0x000001b8       0x28 ./src/SPI2.o
                0x000001b8                SPI1_SendByte
 .text.adc_init
                0x000001e0       0x9c ./src/adc.o
                0x000001e0                adc_init
 .text.delay_ms
                0x0000027c       0x38 ./src/ece471.o
                0x0000027c                delay_ms
 .text.led_setup
                0x000002b4       0x3c ./src/ece471.o
                0x000002b4                led_setup
 .text.setColor16
                0x000002f0       0x38 ./src/lcd.o
                0x000002f0                setColor16
 .text.lcd_send
                0x00000328       0x5c ./src/lcd.o
                0x00000328                lcd_send
 .text.lcd_command_send
                0x00000384       0x20 ./src/lcd.o
                0x00000384                lcd_command_send
 .text.lcd_data_send
                0x000003a4       0x20 ./src/lcd.o
                0x000003a4                lcd_data_send
 .text.writeConfig
                0x000003c4       0x4c ./src/lcd.o
                0x000003c4                writeConfig
 .text.writeConfigWithDelay
                0x00000410       0x28 ./src/lcd.o
                0x00000410                writeConfigWithDelay
 .text.lcd_init
                0x00000438      0x170 ./src/lcd.o
                0x00000438                lcd_init
 .text.setAddr  0x000005a8       0x70 ./src/lcd.o
                0x000005a8                setAddr
 .text.drawChar
                0x00000618       0xe0 ./src/lcd.o
                0x00000618                drawChar
 .text.drawChar8x12
                0x000006f8       0xe8 ./src/lcd.o
                0x000006f8                drawChar8x12
 .text.drawString
                0x000007e0       0x48 ./src/lcd.o
                0x000007e0                drawString
 .text.drawString8x12
                0x00000828       0x48 ./src/lcd.o
                0x00000828                drawString8x12
 .text.fillScreen
                0x00000870       0x90 ./src/lcd.o
                0x00000870                fillScreen
 .text.LCD_SETUP
                0x00000900       0x98 ./src/lcd.o
                0x00000900                LCD_SETUP
 .text.main     0x00000998       0xc0 ./src/main.o
                0x00000998                main
 .text.socket   0x00000a58      0x16c ./src/socket.o
                0x00000a58                socket
 .text.close    0x00000bc4       0x70 ./src/socket.o
                0x00000bc4                close
 .text.send     0x00000c34      0x218 ./src/socket.o
                0x00000c34                send
 .text.SSP0Init
                0x00000e4c       0xf4 ./src/ssp.o
                0x00000e4c                SSP0Init
 .text.SSP0Send
                0x00000f40       0x5c ./src/ssp.o
                0x00000f40                SSP0Send
 .text.SSP1Init
                0x00000f9c       0xc4 ./src/ssp.o
                0x00000f9c                SSP1Init
 .text.SSP1Send
                0x00001060       0x7c ./src/ssp.o
                0x00001060                SSP1Send
 .text.tcp_socket_init
                0x000010dc       0xf8 ./src/tcp.o
                0x000010dc                tcp_socket_init
 .text.check_for_connections
                0x000011d4       0x54 ./src/tcp.o
                0x000011d4                check_for_connections
 .text.process_request
                0x00001228      0x1c8 ./src/tcp.o
                0x00001228                process_request
 .text.Set_network
                0x000013f0      0x24c ./src/util.o
                0x000013f0                Set_network
 .text.Reset_W5200
                0x0000163c       0x34 ./src/util.o
                0x0000163c                Reset_W5200
 .text.Delay_ms
                0x00001670       0x38 ./src/util.o
                0x00001670                Delay_ms
 .text.GPIO_Configuration
                0x000016a8       0x4c ./src/w5200.o
                0x000016a8                GPIO_Configuration
 .text.getIINCHIP_RxMAX
                0x000016f4       0x24 ./src/w5200.o
                0x000016f4                getIINCHIP_RxMAX
 .text.getIINCHIP_TxMAX
                0x00001718       0x24 ./src/w5200.o
                0x00001718                getIINCHIP_TxMAX
 .text.getIINCHIP_RxMASK
                0x0000173c       0x24 ./src/w5200.o
                0x0000173c                getIINCHIP_RxMASK
 .text.getIINCHIP_TxMASK
                0x00001760       0x24 ./src/w5200.o
                0x00001760                getIINCHIP_TxMASK
 .text.getIINCHIP_RxBASE
                0x00001784       0x24 ./src/w5200.o
                0x00001784                getIINCHIP_RxBASE
 .text.getIINCHIP_TxBASE
                0x000017a8       0x24 ./src/w5200.o
                0x000017a8                getIINCHIP_TxBASE
 .text.IINCHIP_CSoff
                0x000017cc       0x10 ./src/w5200.o
                0x000017cc                IINCHIP_CSoff
 .text.IINCHIP_CSon
                0x000017dc       0x10 ./src/w5200.o
                0x000017dc                IINCHIP_CSon
 .text.IINCHIP_SpiSendData
                0x000017ec       0x20 ./src/w5200.o
                0x000017ec                IINCHIP_SpiSendData
 .text.IINCHIP_WRITE
                0x0000180c       0x58 ./src/w5200.o
                0x0000180c                IINCHIP_WRITE
 .text.IINCHIP_READ
                0x00001864       0x54 ./src/w5200.o
                0x00001864                IINCHIP_READ
 .text.wiz_write_buf
                0x000018b8       0xa8 ./src/w5200.o
                0x000018b8                wiz_write_buf
 .text.wiz_read_buf
                0x00001960       0x98 ./src/w5200.o
                0x00001960                wiz_read_buf
 .text.sysinit  0x000019f8      0x394 ./src/w5200.o
                0x000019f8                sysinit
 .text.setGAR   0x00001d8c       0x54 ./src/w5200.o
                0x00001d8c                setGAR
 .text.saveSUBR
                0x00001de0       0x4c ./src/w5200.o
                0x00001de0                saveSUBR
 .text.setSHAR  0x00001e2c       0x78 ./src/w5200.o
                0x00001e2c                setSHAR
 .text.setSIPR  0x00001ea4       0x54 ./src/w5200.o
                0x00001ea4                setSIPR
 .text.getGAR   0x00001ef8       0x58 ./src/w5200.o
                0x00001ef8                getGAR
 .text.getSUBR  0x00001f50       0x58 ./src/w5200.o
                0x00001f50                getSUBR
 .text.getSIPR  0x00001fa8       0x58 ./src/w5200.o
                0x00001fa8                getSIPR
 .text.setRTR   0x00002000       0x34 ./src/w5200.o
                0x00002000                setRTR
 .text.setRCR   0x00002034       0x20 ./src/w5200.o
                0x00002034                setRCR
 .text.getSn_SR
                0x00002054       0x30 ./src/w5200.o
                0x00002054                getSn_SR
 .text.getSn_TX_FSR
                0x00002084       0xbc ./src/w5200.o
                0x00002084                getSn_TX_FSR
 .text.getSn_RX_RSR
                0x00002140       0xbc ./src/w5200.o
                0x00002140                getSn_RX_RSR
 .text.send_data_processing
                0x000021fc       0xbc ./src/w5200.o
                0x000021fc                send_data_processing
 .text.recv_data_processing
                0x000022b8       0xc4 ./src/w5200.o
                0x000022b8                recv_data_processing
 .text.write_data
                0x0000237c       0xb0 ./src/w5200.o
                0x0000237c                write_data
 .text.read_data
                0x0000242c       0xb0 ./src/w5200.o
                0x0000242c                read_data
 .text.SystemInit
                0x000024dc       0xe4 C:\Users\Evan\Desktop\ECE471_Public\Labs\Lab1\CMSISv2p00_LPC17xx\Debug\libCMSISv2p00_LPC17xx.a(system_LPC17xx.o)
                0x000024dc                SystemInit
 .text.__main   0x000025c0       0x14 c:/nxp/lpcxpresso_5.2.6_2137/lpcxpresso/tools/bin/../lib/gcc/arm-none-eabi/4.6.2/../../../../arm-none-eabi/lib/armv7-m\libcr_nohost.a(_cr__main.o)
                0x000025c0                __main
 .text.lose_trailing_zeros
                0x000025d4       0x1e c:/nxp/lpcxpresso_5.2.6_2137/lpcxpresso/tools/bin/../lib/gcc/arm-none-eabi/4.6.2/../../../../arm-none-eabi/lib/armv7-m\libcr_c.a(fpprintf.o)
 .text.fp_round
                0x000025f2       0x54 c:/nxp/lpcxpresso_5.2.6_2137/lpcxpresso/tools/bin/../lib/gcc/arm-none-eabi/4.6.2/../../../../arm-none-eabi/lib/armv7-m\libcr_c.a(fpprintf.o)
 .text.pr_dec.constprop.1
                0x00002646       0x22 c:/nxp/lpcxpresso_5.2.6_2137/lpcxpresso/tools/bin/../lib/gcc/arm-none-eabi/4.6.2/../../../../arm-none-eabi/lib/armv7-m\libcr_c.a(fpprintf.o)
 .text.sprintf  0x00002668       0x70 c:/nxp/lpcxpresso_5.2.6_2137/lpcxpresso/tools/bin/../lib/gcc/arm-none-eabi/4.6.2/../../../../arm-none-eabi/lib/armv7-m\libcr_c.a(fpprintf.o)
                0x00002668                sprintf
 .text.fp_display
                0x000026d8      0x908 c:/nxp/lpcxpresso_5.2.6_2137/lpcxpresso/tools/bin/../lib/gcc/arm-none-eabi/4.6.2/../../../../arm-none-eabi/lib/armv7-m\libcr_c.a(fpprintf.o)
 .text._initio  0x00002fe0       0x9c c:/nxp/lpcxpresso_5.2.6_2137/lpcxpresso/tools/bin/../lib/gcc/arm-none-eabi/4.6.2/../../../../arm-none-eabi/lib/armv7-m\libcr_c.a(initio.o)
                0x00002fe0                _initio
 .text.__vfprintf
                0x0000307c      0xd54 c:/nxp/lpcxpresso_5.2.6_2137/lpcxpresso/tools/bin/../lib/gcc/arm-none-eabi/4.6.2/../../../../arm-none-eabi/lib/armv7-m\libcr_c.a(printf.o)
                0x0000307c                __vfprintf
 .text.setvbuf  0x00003dd0       0x48 c:/nxp/lpcxpresso_5.2.6_2137/lpcxpresso/tools/bin/../lib/gcc/arm-none-eabi/4.6.2/../../../../arm-none-eabi/lib/armv7-m\libcr_c.a(setvbuf.o)
                0x00003dd0                setvbuf
 .text.strlen   0x00003e18       0x4c c:/nxp/lpcxpresso_5.2.6_2137/lpcxpresso/tools/bin/../lib/gcc/arm-none-eabi/4.6.2/../../../../arm-none-eabi/lib/armv7-m\libcr_c.a(strlen.o)
                0x00003e18                strlen
 .text.strstr   0x00003e64       0x1e c:/nxp/lpcxpresso_5.2.6_2137/lpcxpresso/tools/bin/../lib/gcc/arm-none-eabi/4.6.2/../../../../arm-none-eabi/lib/armv7-m\libcr_c.a(strstr.o)
                0x00003e64                strstr
 .text.memset   0x00003e82        0x4 c:/nxp/lpcxpresso_5.2.6_2137/lpcxpresso/tools/bin/../lib/gcc/arm-none-eabi/4.6.2/../../../../arm-none-eabi/lib/armv7-m\libcr_c.a(memset.o)
                0x00003e82                memset
 .text._deferredlazyseek
                0x00003e86       0x44 c:/nxp/lpcxpresso_5.2.6_2137/lpcxpresso/tools/bin/../lib/gcc/arm-none-eabi/4.6.2/../../../../arm-none-eabi/lib/armv7-m\libcr_c.a(_deferredlazyseek.o)
                0x00003e86                _deferredlazyseek
 .text.__flsbuf
                0x00003eca      0x14e c:/nxp/lpcxpresso_5.2.6_2137/lpcxpresso/tools/bin/../lib/gcc/arm-none-eabi/4.6.2/../../../../arm-none-eabi/lib/armv7-m\libcr_c.a(_deferredlazyseek.o)
                0x00003eca                __flsbuf
 .text._fdopen  0x00004018       0x6c c:/nxp/lpcxpresso_5.2.6_2137/lpcxpresso/tools/bin/../lib/gcc/arm-none-eabi/4.6.2/../../../../arm-none-eabi/lib/armv7-m\libcr_c.a(_fdopen.o)
                0x00004018                _fdopen
 .text._fflush  0x00004084       0x58 c:/nxp/lpcxpresso_5.2.6_2137/lpcxpresso/tools/bin/../lib/gcc/arm-none-eabi/4.6.2/../../../../arm-none-eabi/lib/armv7-m\libcr_c.a(_fflush.o)
                0x00004084                _fflush
 .text._frexpl  0x000040dc       0x60 c:/nxp/lpcxpresso_5.2.6_2137/lpcxpresso/tools/bin/../lib/gcc/arm-none-eabi/4.6.2/../../../../arm-none-eabi/lib/armv7-m\libcr_c.a(_frexpl.o)
                0x000040dc                _frexpl
 .text._ldexpl  0x0000413c       0x50 c:/nxp/lpcxpresso_5.2.6_2137/lpcxpresso/tools/bin/../lib/gcc/arm-none-eabi/4.6.2/../../../../arm-none-eabi/lib/armv7-m\libcr_c.a(_ldexpl.o)
                0x0000413c                _ldexpl
 .text._Cwritebuf
                0x0000418c       0x84 c:/nxp/lpcxpresso_5.2.6_2137/lpcxpresso/tools/bin/../lib/gcc/arm-none-eabi/4.6.2/../../../../arm-none-eabi/lib/armv7-m\libcr_c.a(_writebuf.o)
                0x0000418c                _Cwritebuf
 .text.malloc   0x00004210       0xbc c:/nxp/lpcxpresso_5.2.6_2137/lpcxpresso/tools/bin/../lib/gcc/arm-none-eabi/4.6.2/../../../../arm-none-eabi/lib/armv7-m\libcr_c.a(alloc.o)
                0x00004210                malloc
 .text.free     0x000042cc        0xa c:/nxp/lpcxpresso_5.2.6_2137/lpcxpresso/tools/bin/../lib/gcc/arm-none-eabi/4.6.2/../../../../arm-none-eabi/lib/armv7-m\libcr_c.a(alloc.o)
                0x000042cc                free
 *fill*         0x000042d6        0x2 00
 .text._Csys_alloc
                0x000042d8       0x20 c:/nxp/lpcxpresso_5.2.6_2137/lpcxpresso/tools/bin/../lib/gcc/arm-none-eabi/4.6.2/../../../../arm-none-eabi/lib/armv7-m\libcr_c.a(alloc.o)
                0x000042d8                _Csys_alloc
 .text.fclose   0x000042f8       0x6c c:/nxp/lpcxpresso_5.2.6_2137/lpcxpresso/tools/bin/../lib/gcc/arm-none-eabi/4.6.2/../../../../arm-none-eabi/lib/armv7-m\libcr_c.a(fclose.o)
                0x000042f8                fclose
 .text.fflush   0x00004364       0x34 c:/nxp/lpcxpresso_5.2.6_2137/lpcxpresso/tools/bin/../lib/gcc/arm-none-eabi/4.6.2/../../../../arm-none-eabi/lib/armv7-m\libcr_c.a(fflush.o)
                0x00004364                fflush
 .text.fseek    0x00004398      0x104 c:/nxp/lpcxpresso_5.2.6_2137/lpcxpresso/tools/bin/../lib/gcc/arm-none-eabi/4.6.2/../../../../arm-none-eabi/lib/armv7-m\libcr_c.a(fseek.o)
                0x00004398                fseek
 .text.ftell    0x0000449c       0x4c c:/nxp/lpcxpresso_5.2.6_2137/lpcxpresso/tools/bin/../lib/gcc/arm-none-eabi/4.6.2/../../../../arm-none-eabi/lib/armv7-m\libcr_c.a(ftell.o)
                0x0000449c                ftell
 .text.remove   0x000044e8       0x14 c:/nxp/lpcxpresso_5.2.6_2137/lpcxpresso/tools/bin/../lib/gcc/arm-none-eabi/4.6.2/../../../../arm-none-eabi/lib/armv7-m\libcr_c.a(remove.o)
                0x000044e8                remove
 .text._do_fflush
                0x000044fc       0x42 c:/nxp/lpcxpresso_5.2.6_2137/lpcxpresso/tools/bin/../lib/gcc/arm-none-eabi/4.6.2/../../../../arm-none-eabi/lib/armv7-m\libcr_c.a(_do_fflush.o)
                0x000044fc                _do_fflush
 *fill*         0x0000453e        0x2 00
 .text.__aeabi_dmul
                0x00004540      0x138 c:/nxp/lpcxpresso_5.2.6_2137/lpcxpresso/tools/bin/../lib/gcc/arm-none-eabi/4.6.2/armv7-m\libcr_eabihelpers.a(double.o)
                0x00004540                __aeabi_dmul
 .text.__aeabi_ddiv
                0x00004678      0x168 c:/nxp/lpcxpresso_5.2.6_2137/lpcxpresso/tools/bin/../lib/gcc/arm-none-eabi/4.6.2/armv7-m\libcr_eabihelpers.a(double.o)
                0x00004678                __aeabi_ddiv
 .text.__aeabi_dsub
                0x000047e0      0x1f4 c:/nxp/lpcxpresso_5.2.6_2137/lpcxpresso/tools/bin/../lib/gcc/arm-none-eabi/4.6.2/armv7-m\libcr_eabihelpers.a(double.o)
                0x000047e0                __aeabi_dsub
 .text.__aeabi_dadd
                0x000049d4      0x154 c:/nxp/lpcxpresso_5.2.6_2137/lpcxpresso/tools/bin/../lib/gcc/arm-none-eabi/4.6.2/armv7-m\libcr_eabihelpers.a(double.o)
                0x000049d4                __aeabi_dadd
 .text.__aeabi_d2iz
                0x00004b28       0x40 c:/nxp/lpcxpresso_5.2.6_2137/lpcxpresso/tools/bin/../lib/gcc/arm-none-eabi/4.6.2/armv7-m\libcr_eabihelpers.a(double.o)
                0x00004b28                __aeabi_d2iz
 .text.__bhs_ui2d
                0x00004b68       0x5c c:/nxp/lpcxpresso_5.2.6_2137/lpcxpresso/tools/bin/../lib/gcc/arm-none-eabi/4.6.2/armv7-m\libcr_eabihelpers.a(double.o)
                0x00004b68                __bhs_ui2d
 .text.__aeabi_i2d
                0x00004bc4       0x10 c:/nxp/lpcxpresso_5.2.6_2137/lpcxpresso/tools/bin/../lib/gcc/arm-none-eabi/4.6.2/armv7-m\libcr_eabihelpers.a(double.o)
                0x00004bc4                __aeabi_i2d
 .text.__aeabi_dcmpeq
                0x00004bd4       0x3c c:/nxp/lpcxpresso_5.2.6_2137/lpcxpresso/tools/bin/../lib/gcc/arm-none-eabi/4.6.2/armv7-m\libcr_eabihelpers.a(double.o)
                0x00004bd4                __aeabi_dcmpeq
 .text.__aeabi_dcmplt
                0x00004c10       0x5c c:/nxp/lpcxpresso_5.2.6_2137/lpcxpresso/tools/bin/../lib/gcc/arm-none-eabi/4.6.2/armv7-m\libcr_eabihelpers.a(double.o)
                0x00004c10                __aeabi_dcmplt
 .text.__aeabi_dcmple
                0x00004c6c       0x58 c:/nxp/lpcxpresso_5.2.6_2137/lpcxpresso/tools/bin/../lib/gcc/arm-none-eabi/4.6.2/armv7-m\libcr_eabihelpers.a(double.o)
                0x00004c6c                __aeabi_dcmple
 .text.__aeabi_dcmpge
                0x00004cc4       0x5c c:/nxp/lpcxpresso_5.2.6_2137/lpcxpresso/tools/bin/../lib/gcc/arm-none-eabi/4.6.2/armv7-m\libcr_eabihelpers.a(double.o)
                0x00004cc4                __aeabi_dcmpge
 .text.__aeabi_memset_lowlevel
                0x00004d20       0x24 c:/nxp/lpcxpresso_5.2.6_2137/lpcxpresso/tools/bin/../lib/gcc/arm-none-eabi/4.6.2/armv7-m\libcr_eabihelpers.a(memcpy.o)
                0x00004d20                __aeabi_lowlevel_memset
 .text.__sys_appexit
                0x00004d44        0x2 c:/nxp/lpcxpresso_5.2.6_2137/lpcxpresso/tools/bin/../lib/gcc/arm-none-eabi/4.6.2/../../../../arm-none-eabi/lib/armv7-m\libcr_nohost.a(__sys_appexit.o)
                0x00004d44                __sys_appexit
                0x00004d44                __exit
 .text.__sys_close
                0x00004d46        0x6 c:/nxp/lpcxpresso_5.2.6_2137/lpcxpresso/tools/bin/../lib/gcc/arm-none-eabi/4.6.2/../../../../arm-none-eabi/lib/armv7-m\libcr_nohost.a(__sys_close.o)
                0x00004d46                __sys_close
 .text.__sys_flen
                0x00004d4c        0x6 c:/nxp/lpcxpresso_5.2.6_2137/lpcxpresso/tools/bin/../lib/gcc/arm-none-eabi/4.6.2/../../../../arm-none-eabi/lib/armv7-m\libcr_nohost.a(__sys_flen.o)
                0x00004d4c                __sys_flen
 .text.__sys_istty
                0x00004d52        0x6 c:/nxp/lpcxpresso_5.2.6_2137/lpcxpresso/tools/bin/../lib/gcc/arm-none-eabi/4.6.2/../../../../arm-none-eabi/lib/armv7-m\libcr_nohost.a(__sys_istty.o)
                0x00004d52                __sys_istty
 .text.__sys_remove
                0x00004d58        0x6 c:/nxp/lpcxpresso_5.2.6_2137/lpcxpresso/tools/bin/../lib/gcc/arm-none-eabi/4.6.2/../../../../arm-none-eabi/lib/armv7-m\libcr_nohost.a(__sys_remove.o)
                0x00004d58                __sys_remove
 .text.__sys_seek
                0x00004d5e        0x6 c:/nxp/lpcxpresso_5.2.6_2137/lpcxpresso/tools/bin/../lib/gcc/arm-none-eabi/4.6.2/../../../../arm-none-eabi/lib/armv7-m\libcr_nohost.a(__sys_seek.o)
                0x00004d5e                __sys_seek
 .text.__sys_tmpnam
                0x00004d64        0x6 c:/nxp/lpcxpresso_5.2.6_2137/lpcxpresso/tools/bin/../lib/gcc/arm-none-eabi/4.6.2/../../../../arm-none-eabi/lib/armv7-m\libcr_nohost.a(__sys_tmpnam.o)
                0x00004d64                __sys_tmpnam
 .text.__sys_write
                0x00004d6a        0x4 c:/nxp/lpcxpresso_5.2.6_2137/lpcxpresso/tools/bin/../lib/gcc/arm-none-eabi/4.6.2/../../../../arm-none-eabi/lib/armv7-m\libcr_nohost.a(__sys_write.o)
                0x00004d6a                __sys_write
                0x00004d6a                __write
 *fill*         0x00004d6e        0x2 00
 .text._sbrk    0x00004d70       0x40 c:/nxp/lpcxpresso_5.2.6_2137/lpcxpresso/tools/bin/../lib/gcc/arm-none-eabi/4.6.2/../../../../arm-none-eabi/lib/armv7-m\libcr_nohost.a(_cr_sbrk.o)
                0x00004d70                _sbrk
 .text.__check_heap_overflow
                0x00004db0       0x2c c:/nxp/lpcxpresso_5.2.6_2137/lpcxpresso/tools/bin/../lib/gcc/arm-none-eabi/4.6.2/../../../../arm-none-eabi/lib/armv7-m\libcr_nohost.a(_cr_check_heap.o)
                0x00004db0                __check_heap_overflow
 *(.rodata .rodata.*)
 .rodata.font   0x00004ddc      0x1e0 ./src/lcd.o
                0x00004ddc                font
 .rodata.font_8x12
                0x00004fbc      0x474 ./src/lcd.o
                0x00004fbc                font_8x12
 .rodata.frmctr
                0x00005430        0x8 ./src/lcd.o
                0x00005430                frmctr
 .rodata.invctr
                0x00005438        0x4 ./src/lcd.o
                0x00005438                invctr
 .rodata.pwctr1
                0x0000543c        0x4 ./src/lcd.o
                0x0000543c                pwctr1
 .rodata.pwctr2
                0x00005440        0x4 ./src/lcd.o
                0x00005440                pwctr2
 .rodata.pwctr3
                0x00005444        0x4 ./src/lcd.o
                0x00005444                pwctr3
 .rodata.pwctr4
                0x00005448        0x4 ./src/lcd.o
                0x00005448                pwctr4
 .rodata.pwctr5
                0x0000544c        0x4 ./src/lcd.o
                0x0000544c                pwctr5
 .rodata.vmctr1
                0x00005450        0x4 ./src/lcd.o
                0x00005450                vmctr1
 .rodata.madctl
                0x00005454        0x4 ./src/lcd.o
                0x00005454                madctl
 .rodata.colmod
                0x00005458        0x4 ./src/lcd.o
                0x00005458                colmod
 .rodata        0x0000545c       0x54 ./src/lcd.o
 .rodata.website
                0x000054b0       0xc8 ./src/tcp.o
                0x000054b0                website
 .rodata        0x00005578        0x8 ./src/tcp.o
 .rodata        0x00005580       0x64 ./src/util.o
 .rodata.str1.1
                0x000055e4       0x34 c:/nxp/lpcxpresso_5.2.6_2137/lpcxpresso/tools/bin/../lib/gcc/arm-none-eabi/4.6.2/../../../../arm-none-eabi/lib/armv7-m\libcr_c.a(fpprintf.o)
                                 0x35 (size before relaxing)
 .rodata.str1.1
                0x00005618        0x4 c:/nxp/lpcxpresso_5.2.6_2137/lpcxpresso/tools/bin/../lib/gcc/arm-none-eabi/4.6.2/../../../../arm-none-eabi/lib/armv7-m\libcr_c.a(initio.o)
 .rodata.str1.1
                0x0000561c       0x31 c:/nxp/lpcxpresso_5.2.6_2137/lpcxpresso/tools/bin/../lib/gcc/arm-none-eabi/4.6.2/../../../../arm-none-eabi/lib/armv7-m\libcr_c.a(printf.o)
                                 0x38 (size before relaxing)
 .rodata.str1.1
                0x0000564d       0x18 c:/nxp/lpcxpresso_5.2.6_2137/lpcxpresso/tools/bin/../lib/gcc/arm-none-eabi/4.6.2/../../../../arm-none-eabi/lib/armv7-m\libcr_c.a(alloc.o)
 *fill*         0x00005665        0x3 00
 .rodata.__huge_vall
                0x00005668        0x8 c:/nxp/lpcxpresso_5.2.6_2137/lpcxpresso/tools/bin/../lib/gcc/arm-none-eabi/4.6.2/../../../../arm-none-eabi/lib/armv7-m\libcr_c.a(_hugeval.o)
                0x00005668                __huge_vall
                0x00005670                . = ALIGN (0x4)

.glue_7         0x00005670        0x0
 .glue_7        0x00000000        0x0 linker stubs

.glue_7t        0x00005670        0x0
 .glue_7t       0x00000000        0x0 linker stubs

.vfp11_veneer   0x00005670        0x0
 .vfp11_veneer  0x00000000        0x0 linker stubs

.v4_bx          0x00005670        0x0
 .v4_bx         0x00000000        0x0 linker stubs

.ARM.extab
 *(.ARM.extab* .gnu.linkonce.armextab.*)
                0x00005670                __exidx_start = .

.ARM.exidx
 *(.ARM.exidx* .gnu.linkonce.armexidx.*)
                0x00005670                __exidx_end = .
                0x00005670                _etext = .

.data_RAM2      0x2007c000        0x0 load address 0x00005670
 FILL mask 0xff
 *(.data.$RAM2*)
 *(.data.$RamAHB32*)
                0x2007c000                . = ALIGN (0x4)

.uninit_RESERVED
                0x10000000        0x0
 *(.bss.$RESERVED*)
                0x10000000                . = ALIGN (0x4)
                0x10000000                _end_uninit_RESERVED = .

.data           0x10000000       0x24 load address 0x00005670
 FILL mask 0xff
                0x10000000                _data = .
 *(vtable)
 *(.data*)
 .data.MAC      0x10000000        0x8 ./src/main.o
                0x10000000                MAC
 .data.IP       0x10000008        0x4 ./src/main.o
                0x10000008                IP
 .data.GateWay  0x1000000c        0x4 ./src/main.o
                0x1000000c                GateWay
 .data.SubNet   0x10000010        0x4 ./src/main.o
                0x10000010                SubNet
 .data.txsize   0x10000014        0x8 ./src/util.o
                0x10000014                txsize
 .data.rxsize   0x1000001c        0x8 ./src/util.o
                0x1000001c                rxsize
                0x10000024                . = ALIGN (0x4)
                0x10000024                _edata = .

.bss_RAM2       0x2007c000        0x0
 *(.bss.$RAM2*)
 *(.bss.$RamAHB32*)
                0x2007c000                . = ALIGN (0x4)

.bss            0x10000024     0x1a0c
                0x10000024                _bss = .
 *(.bss*)
 .bss.colorLowByte
                0x10000024        0x1 ./src/lcd.o
                0x10000024                colorLowByte
 .bss.colorHighByte
                0x10000025        0x1 ./src/lcd.o
                0x10000025                colorHighByte
 .bss.bgColorLowByte
                0x10000026        0x1 ./src/lcd.o
                0x10000026                bgColorLowByte
 .bss.bgColorHighByte
                0x10000027        0x1 ./src/lcd.o
                0x10000027                bgColorHighByte
 .bss.buffer    0x10000028       0x28 ./src/main.o
 .bss.tcp_setup
                0x10000050       0x14 ./src/main.o
 .bss.local_port
                0x10000064        0x2 ./src/socket.o
 *fill*         0x10000066        0x2 00
 .bss.tcp_data_buffer
                0x10000068      0x7d0 ./src/tcp.o
 .bss.bytesReceived
                0x10000838        0x2 ./src/tcp.o
 .bss.startup.5224
                0x1000083a        0x1 ./src/tcp.o
 *fill*         0x1000083b        0x1 00
 .bss.SMASK     0x1000083c       0x10 ./src/w5200.o
 .bss.RMASK     0x1000084c       0x10 ./src/w5200.o
 .bss.SSIZE     0x1000085c       0x10 ./src/w5200.o
 .bss.RSIZE     0x1000086c       0x10 ./src/w5200.o
 .bss.SBUFBASEADDRESS
                0x1000087c       0x20 ./src/w5200.o
 .bss.RBUFBASEADDRESS
                0x1000089c       0x20 ./src/w5200.o
 .bss.SUBNET    0x100008bc        0x4 ./src/w5200.o
 .bss.errno     0x100008c0        0x4 c:/nxp/lpcxpresso_5.2.6_2137/lpcxpresso/tools/bin/../lib/gcc/arm-none-eabi/4.6.2/../../../../arm-none-eabi/lib/armv7-m\libcr_c.a(errno.o)
                0x100008c0                errno
 *(COMMON)
 COMMON         0x100008c4     0x101e ./src/util.o
                0x100008c4                Config_Msg
                0x100008dc                RX_BUF
                0x100010dc                TX_BUF
                0x100018dc                Chconfig_Type_Def
 *fill*         0x100018e2        0x2 00
 COMMON         0x100018e4        0x4 c:/nxp/lpcxpresso_5.2.6_2137/lpcxpresso/tools/bin/../lib/gcc/arm-none-eabi/4.6.2/../../../../arm-none-eabi/lib/armv7-m\libcr_c.a(initio.o)
                0x100018e4                _extra
 COMMON         0x100018e8      0x140 c:/nxp/lpcxpresso_5.2.6_2137/lpcxpresso/tools/bin/../lib/gcc/arm-none-eabi/4.6.2/../../../../arm-none-eabi/lib/armv7-m\libcr_c.a(stdio.o)
                0x100018e8                __Ciob
 COMMON         0x10001a28        0x8 c:/nxp/lpcxpresso_5.2.6_2137/lpcxpresso/tools/bin/../lib/gcc/arm-none-eabi/4.6.2/../../../../arm-none-eabi/lib/armv7-m\libcr_c.a(__init_alloc.o)
                0x10001a28                __heaps
                0x10001a2c                __end_of_heap
                0x10001a30                . = ALIGN (0x4)
                0x10001a30                _ebss = .
                0x10001a30                PROVIDE (end, .)

.noinit_RAM2    0x2007c000        0x0
 *(.noinit.$RAM2*)
 *(.noinit.$RamAHB32*)
                0x2007c000                . = ALIGN (0x4)

.noinit         0x10001a30        0x0
                0x10001a30                _noinit = .
 *(.noinit*)
                0x10001a30                . = ALIGN (0x4)
                0x10001a30                _end_noinit = .
                0x10001a30                PROVIDE (_pvHeapStart, .)
                0x10008000                PROVIDE (_vStackTop, (__top_RamLoc32 - 0x0))
OUTPUT(Lab8.axf elf32-littlearm)

.debug_info     0x00000000     0x502a
 .debug_info    0x00000000      0x443 ./src/SPI2.o
 .debug_info    0x00000443      0x63c ./src/adc.o
 .debug_info    0x00000a7f      0x2dd ./src/cr_startup_lpc176x.o
 .debug_info    0x00000d5c      0x781 ./src/ece471.o
 .debug_info    0x000014dd      0xacb ./src/lcd.o
 .debug_info    0x00001fa8      0x27f ./src/main.o
 .debug_info    0x00002227      0x452 ./src/socket.o
 .debug_info    0x00002679      0x980 ./src/ssp.o
 .debug_info    0x00002ff9      0x5a7 ./src/tcp.o
 .debug_info    0x000035a0      0x1f2 ./src/udp.o
 .debug_info    0x00003792      0x6c5 ./src/util.o
 .debug_info    0x00003e57      0xe44 ./src/w5200.o
 .debug_info    0x00004c9b      0x38f C:\Users\Evan\Desktop\ECE471_Public\Labs\Lab1\CMSISv2p00_LPC17xx\Debug\libCMSISv2p00_LPC17xx.a(system_LPC17xx.o)

.debug_abbrev   0x00000000     0x1016
 .debug_abbrev  0x00000000      0x11d ./src/SPI2.o
 .debug_abbrev  0x0000011d      0x117 ./src/adc.o
 .debug_abbrev  0x00000234      0x12b ./src/cr_startup_lpc176x.o
 .debug_abbrev  0x0000035f      0x199 ./src/ece471.o
 .debug_abbrev  0x000004f8      0x143 ./src/lcd.o
 .debug_abbrev  0x0000063b      0x103 ./src/main.o
 .debug_abbrev  0x0000073e      0x136 ./src/socket.o
 .debug_abbrev  0x00000874      0x163 ./src/ssp.o
 .debug_abbrev  0x000009d7      0x13b ./src/tcp.o
 .debug_abbrev  0x00000b12       0xcd ./src/udp.o
 .debug_abbrev  0x00000bdf      0x165 ./src/util.o
 .debug_abbrev  0x00000d44      0x1ef ./src/w5200.o
 .debug_abbrev  0x00000f33       0xe3 C:\Users\Evan\Desktop\ECE471_Public\Labs\Lab1\CMSISv2p00_LPC17xx\Debug\libCMSISv2p00_LPC17xx.a(system_LPC17xx.o)

.debug_loc      0x00000000     0x1544
 .debug_loc     0x00000000       0x9c ./src/SPI2.o
 .debug_loc     0x0000009c       0x64 ./src/adc.o
 .debug_loc     0x00000100      0x102 ./src/cr_startup_lpc176x.o
 .debug_loc     0x00000202       0xc8 ./src/ece471.o
 .debug_loc     0x000002ca      0x374 ./src/lcd.o
 .debug_loc     0x0000063e       0x2c ./src/main.o
 .debug_loc     0x0000066a      0x1f8 ./src/socket.o
 .debug_loc     0x00000862       0xe0 ./src/ssp.o
 .debug_loc     0x00000942       0xa8 ./src/tcp.o
 .debug_loc     0x000009ea       0x70 ./src/udp.o
 .debug_loc     0x00000a5a      0x10e ./src/util.o
 .debug_loc     0x00000b68      0x9bc ./src/w5200.o
 .debug_loc     0x00001524       0x20 C:\Users\Evan\Desktop\ECE471_Public\Labs\Lab1\CMSISv2p00_LPC17xx\Debug\libCMSISv2p00_LPC17xx.a(system_LPC17xx.o)

.debug_aranges  0x00000000      0x4a8
 .debug_aranges
                0x00000000       0x30 ./src/SPI2.o
 .debug_aranges
                0x00000030       0x28 ./src/adc.o
 .debug_aranges
                0x00000058       0x80 ./src/cr_startup_lpc176x.o
 .debug_aranges
                0x000000d8       0x38 ./src/ece471.o
 .debug_aranges
                0x00000110       0x98 ./src/lcd.o
 .debug_aranges
                0x000001a8       0x20 ./src/main.o
 .debug_aranges
                0x000001c8       0x60 ./src/socket.o
 .debug_aranges
                0x00000228       0x38 ./src/ssp.o
 .debug_aranges
                0x00000260       0x30 ./src/tcp.o
 .debug_aranges
                0x00000290       0x28 ./src/udp.o
 .debug_aranges
                0x000002b8       0x40 ./src/util.o
 .debug_aranges
                0x000002f8      0x188 ./src/w5200.o
 .debug_aranges
                0x00000480       0x28 C:\Users\Evan\Desktop\ECE471_Public\Labs\Lab1\CMSISv2p00_LPC17xx\Debug\libCMSISv2p00_LPC17xx.a(system_LPC17xx.o)

.debug_ranges   0x00000000      0x3d8
 .debug_ranges  0x00000000       0x20 ./src/SPI2.o
 .debug_ranges  0x00000020       0x18 ./src/adc.o
 .debug_ranges  0x00000038       0x70 ./src/cr_startup_lpc176x.o
 .debug_ranges  0x000000a8       0x28 ./src/ece471.o
 .debug_ranges  0x000000d0       0x88 ./src/lcd.o
 .debug_ranges  0x00000158       0x10 ./src/main.o
 .debug_ranges  0x00000168       0x50 ./src/socket.o
 .debug_ranges  0x000001b8       0x28 ./src/ssp.o
 .debug_ranges  0x000001e0       0x20 ./src/tcp.o
 .debug_ranges  0x00000200       0x18 ./src/udp.o
 .debug_ranges  0x00000218       0x30 ./src/util.o
 .debug_ranges  0x00000248      0x178 ./src/w5200.o
 .debug_ranges  0x000003c0       0x18 C:\Users\Evan\Desktop\ECE471_Public\Labs\Lab1\CMSISv2p00_LPC17xx\Debug\libCMSISv2p00_LPC17xx.a(system_LPC17xx.o)

.debug_line     0x00000000     0x3e6a
 .debug_line    0x00000000      0x476 ./src/SPI2.o
 .debug_line    0x00000476      0x3e7 ./src/adc.o
 .debug_line    0x0000085d      0x3d1 ./src/cr_startup_lpc176x.o
 .debug_line    0x00000c2e      0x404 ./src/ece471.o
 .debug_line    0x00001032      0x5a6 ./src/lcd.o
 .debug_line    0x000015d8      0x458 ./src/main.o
 .debug_line    0x00001a30      0x5f8 ./src/socket.o
 .debug_line    0x00002028      0x453 ./src/ssp.o
 .debug_line    0x0000247b      0x4f0 ./src/tcp.o
 .debug_line    0x0000296b      0x44d ./src/udp.o
 .debug_line    0x00002db8      0x48c ./src/util.o
 .debug_line    0x00003244      0x835 ./src/w5200.o
 .debug_line    0x00003a79      0x3f1 C:\Users\Evan\Desktop\ECE471_Public\Labs\Lab1\CMSISv2p00_LPC17xx\Debug\libCMSISv2p00_LPC17xx.a(system_LPC17xx.o)

.debug_macinfo  0x00000000    0x72438
 .debug_macinfo
                0x00000000     0x9a66 ./src/SPI2.o
 .debug_macinfo
                0x00009a66     0x8ac1 ./src/adc.o
 .debug_macinfo
                0x00012527     0x3d45 ./src/cr_startup_lpc176x.o
 .debug_macinfo
                0x0001626c     0x8a2f ./src/ece471.o
 .debug_macinfo
                0x0001ec9b     0x94b8 ./src/lcd.o
 .debug_macinfo
                0x00028153     0x9f9b ./src/main.o
 .debug_macinfo
                0x000320ee     0x960d ./src/socket.o
 .debug_macinfo
                0x0003b6fb     0x8dae ./src/ssp.o
 .debug_macinfo
                0x000444a9     0x9b14 ./src/tcp.o
 .debug_macinfo
                0x0004dfbd     0x92cb ./src/udp.o
 .debug_macinfo
                0x00057288     0x963f ./src/util.o
 .debug_macinfo
                0x000608c7     0x9640 ./src/w5200.o
 .debug_macinfo
                0x00069f07     0x8531 C:\Users\Evan\Desktop\ECE471_Public\Labs\Lab1\CMSISv2p00_LPC17xx\Debug\libCMSISv2p00_LPC17xx.a(system_LPC17xx.o)

.debug_str      0x00000000     0x127c
 .debug_str     0x00000000      0x26f ./src/SPI2.o
                                0x2b0 (size before relaxing)
 .debug_str     0x0000026f      0x2e0 ./src/adc.o
                                0x40a (size before relaxing)
 .debug_str     0x0000054f      0x177 ./src/cr_startup_lpc176x.o
                                0x26e (size before relaxing)
 .debug_str     0x000006c6      0x2fd ./src/ece471.o
                                0x57f (size before relaxing)
 .debug_str     0x000009c3      0x1c6 ./src/lcd.o
                                0x443 (size before relaxing)
 .debug_str     0x00000b89       0x8e ./src/main.o
                                0x1c3 (size before relaxing)
 .debug_str     0x00000c17       0xa3 ./src/socket.o
                                0x1ec (size before relaxing)
 .debug_str     0x00000cba       0x61 ./src/ssp.o
                                0x502 (size before relaxing)
 .debug_str     0x00000d1b       0x89 ./src/tcp.o
                                0x340 (size before relaxing)
 .debug_str     0x00000da4       0x53 ./src/udp.o
                                0x1c8 (size before relaxing)
 .debug_str     0x00000df7      0x103 ./src/util.o
                                0x398 (size before relaxing)
 .debug_str     0x00000efa      0x2f2 ./src/w5200.o
                                0x5b7 (size before relaxing)
 .debug_str     0x000011ec       0x90 C:\Users\Evan\Desktop\ECE471_Public\Labs\Lab1\CMSISv2p00_LPC17xx\Debug\libCMSISv2p00_LPC17xx.a(system_LPC17xx.o)
                                0x2ba (size before relaxing)

.comment        0x00000000       0xe0
 .comment       0x00000000       0x70 ./src/SPI2.o
                                 0x71 (size before relaxing)
 .comment       0x00000000       0x71 ./src/adc.o
 .comment       0x00000000       0x71 ./src/cr_startup_lpc176x.o
 .comment       0x00000000       0x71 ./src/ece471.o
 .comment       0x00000000       0x71 ./src/lcd.o
 .comment       0x00000000       0x71 ./src/main.o
 .comment       0x00000000       0x71 ./src/socket.o
 .comment       0x00000000       0x71 ./src/ssp.o
 .comment       0x00000000       0x71 ./src/tcp.o
 .comment       0x00000000       0x71 ./src/udp.o
 .comment       0x00000000       0x71 ./src/util.o
 .comment       0x00000000       0x71 ./src/w5200.o
 .comment       0x00000000       0x71 C:\Users\Evan\Desktop\ECE471_Public\Labs\Lab1\CMSISv2p00_LPC17xx\Debug\libCMSISv2p00_LPC17xx.a(system_LPC17xx.o)
 .comment       0x00000070       0x70 c:/nxp/lpcxpresso_5.2.6_2137/lpcxpresso/tools/bin/../lib/gcc/arm-none-eabi/4.6.2/../../../../arm-none-eabi/lib/armv7-m\libcr_nohost.a(_cr__main.o)
                                 0x71 (size before relaxing)
 .comment       0x00000000       0x71 c:/nxp/lpcxpresso_5.2.6_2137/lpcxpresso/tools/bin/../lib/gcc/arm-none-eabi/4.6.2/../../../../arm-none-eabi/lib/armv7-m\libcr_c.a(fpprintf.o)
 .comment       0x00000000       0x71 c:/nxp/lpcxpresso_5.2.6_2137/lpcxpresso/tools/bin/../lib/gcc/arm-none-eabi/4.6.2/../../../../arm-none-eabi/lib/armv7-m\libcr_c.a(initio.o)
 .comment       0x00000000       0x71 c:/nxp/lpcxpresso_5.2.6_2137/lpcxpresso/tools/bin/../lib/gcc/arm-none-eabi/4.6.2/../../../../arm-none-eabi/lib/armv7-m\libcr_c.a(printf.o)
 .comment       0x00000000       0x71 c:/nxp/lpcxpresso_5.2.6_2137/lpcxpresso/tools/bin/../lib/gcc/arm-none-eabi/4.6.2/../../../../arm-none-eabi/lib/armv7-m\libcr_c.a(setvbuf.o)
 .comment       0x00000000       0x71 c:/nxp/lpcxpresso_5.2.6_2137/lpcxpresso/tools/bin/../lib/gcc/arm-none-eabi/4.6.2/../../../../arm-none-eabi/lib/armv7-m\libcr_c.a(stdio.o)
 .comment       0x00000000       0x71 c:/nxp/lpcxpresso_5.2.6_2137/lpcxpresso/tools/bin/../lib/gcc/arm-none-eabi/4.6.2/../../../../arm-none-eabi/lib/armv7-m\libcr_c.a(strlen.o)
 .comment       0x00000000       0x71 c:/nxp/lpcxpresso_5.2.6_2137/lpcxpresso/tools/bin/../lib/gcc/arm-none-eabi/4.6.2/../../../../arm-none-eabi/lib/armv7-m\libcr_c.a(strstr.o)
 .comment       0x00000000       0x71 c:/nxp/lpcxpresso_5.2.6_2137/lpcxpresso/tools/bin/../lib/gcc/arm-none-eabi/4.6.2/../../../../arm-none-eabi/lib/armv7-m\libcr_c.a(memset.o)
 .comment       0x00000000       0x71 c:/nxp/lpcxpresso_5.2.6_2137/lpcxpresso/tools/bin/../lib/gcc/arm-none-eabi/4.6.2/../../../../arm-none-eabi/lib/armv7-m\libcr_c.a(__fillbuf.o)
 .comment       0x00000000       0x71 c:/nxp/lpcxpresso_5.2.6_2137/lpcxpresso/tools/bin/../lib/gcc/arm-none-eabi/4.6.2/../../../../arm-none-eabi/lib/armv7-m\libcr_c.a(_deferredlazyseek.o)
 .comment       0x00000000       0x71 c:/nxp/lpcxpresso_5.2.6_2137/lpcxpresso/tools/bin/../lib/gcc/arm-none-eabi/4.6.2/../../../../arm-none-eabi/lib/armv7-m\libcr_c.a(_fdopen.o)
 .comment       0x00000000       0x71 c:/nxp/lpcxpresso_5.2.6_2137/lpcxpresso/tools/bin/../lib/gcc/arm-none-eabi/4.6.2/../../../../arm-none-eabi/lib/armv7-m\libcr_c.a(_fflush.o)
 .comment       0x00000000       0x71 c:/nxp/lpcxpresso_5.2.6_2137/lpcxpresso/tools/bin/../lib/gcc/arm-none-eabi/4.6.2/../../../../arm-none-eabi/lib/armv7-m\libcr_c.a(_frexpl.o)
 .comment       0x00000000       0x71 c:/nxp/lpcxpresso_5.2.6_2137/lpcxpresso/tools/bin/../lib/gcc/arm-none-eabi/4.6.2/../../../../arm-none-eabi/lib/armv7-m\libcr_c.a(_ldexpl.o)
 .comment       0x00000000       0x71 c:/nxp/lpcxpresso_5.2.6_2137/lpcxpresso/tools/bin/../lib/gcc/arm-none-eabi/4.6.2/../../../../arm-none-eabi/lib/armv7-m\libcr_c.a(_writebuf.o)
 .comment       0x00000000       0x71 c:/nxp/lpcxpresso_5.2.6_2137/lpcxpresso/tools/bin/../lib/gcc/arm-none-eabi/4.6.2/../../../../arm-none-eabi/lib/armv7-m\libcr_c.a(alloc.o)
 .comment       0x00000000       0x71 c:/nxp/lpcxpresso_5.2.6_2137/lpcxpresso/tools/bin/../lib/gcc/arm-none-eabi/4.6.2/../../../../arm-none-eabi/lib/armv7-m\libcr_c.a(errno.o)
 .comment       0x00000000       0x71 c:/nxp/lpcxpresso_5.2.6_2137/lpcxpresso/tools/bin/../lib/gcc/arm-none-eabi/4.6.2/../../../../arm-none-eabi/lib/armv7-m\libcr_c.a(fclose.o)
 .comment       0x00000000       0x71 c:/nxp/lpcxpresso_5.2.6_2137/lpcxpresso/tools/bin/../lib/gcc/arm-none-eabi/4.6.2/../../../../arm-none-eabi/lib/armv7-m\libcr_c.a(fflush.o)
 .comment       0x00000000       0x71 c:/nxp/lpcxpresso_5.2.6_2137/lpcxpresso/tools/bin/../lib/gcc/arm-none-eabi/4.6.2/../../../../arm-none-eabi/lib/armv7-m\libcr_c.a(fseek.o)
 .comment       0x00000000       0x71 c:/nxp/lpcxpresso_5.2.6_2137/lpcxpresso/tools/bin/../lib/gcc/arm-none-eabi/4.6.2/../../../../arm-none-eabi/lib/armv7-m\libcr_c.a(ftell.o)
 .comment       0x00000000       0x71 c:/nxp/lpcxpresso_5.2.6_2137/lpcxpresso/tools/bin/../lib/gcc/arm-none-eabi/4.6.2/../../../../arm-none-eabi/lib/armv7-m\libcr_c.a(remove.o)
 .comment       0x00000000       0x71 c:/nxp/lpcxpresso_5.2.6_2137/lpcxpresso/tools/bin/../lib/gcc/arm-none-eabi/4.6.2/../../../../arm-none-eabi/lib/armv7-m\libcr_c.a(memcpy.o)
 .comment       0x00000000       0x71 c:/nxp/lpcxpresso_5.2.6_2137/lpcxpresso/tools/bin/../lib/gcc/arm-none-eabi/4.6.2/../../../../arm-none-eabi/lib/armv7-m\libcr_c.a(__init_alloc.o)
 .comment       0x00000000       0x71 c:/nxp/lpcxpresso_5.2.6_2137/lpcxpresso/tools/bin/../lib/gcc/arm-none-eabi/4.6.2/../../../../arm-none-eabi/lib/armv7-m\libcr_c.a(_do_fflush.o)
 .comment       0x00000000       0x71 c:/nxp/lpcxpresso_5.2.6_2137/lpcxpresso/tools/bin/../lib/gcc/arm-none-eabi/4.6.2/../../../../arm-none-eabi/lib/armv7-m\libcr_c.a(_hugeval.o)
 .comment       0x00000000       0x71 c:/nxp/lpcxpresso_5.2.6_2137/lpcxpresso/tools/bin/../lib/gcc/arm-none-eabi/4.6.2/armv7-m\libcr_eabihelpers.a(double.o)
 .comment       0x00000000       0x71 c:/nxp/lpcxpresso_5.2.6_2137/lpcxpresso/tools/bin/../lib/gcc/arm-none-eabi/4.6.2/../../../../arm-none-eabi/lib/armv7-m\libcr_nohost.a(__sys_appexit.o)
 .comment       0x00000000       0x71 c:/nxp/lpcxpresso_5.2.6_2137/lpcxpresso/tools/bin/../lib/gcc/arm-none-eabi/4.6.2/../../../../arm-none-eabi/lib/armv7-m\libcr_nohost.a(__sys_close.o)
 .comment       0x00000000       0x71 c:/nxp/lpcxpresso_5.2.6_2137/lpcxpresso/tools/bin/../lib/gcc/arm-none-eabi/4.6.2/../../../../arm-none-eabi/lib/armv7-m\libcr_nohost.a(__sys_flen.o)
 .comment       0x00000000       0x71 c:/nxp/lpcxpresso_5.2.6_2137/lpcxpresso/tools/bin/../lib/gcc/arm-none-eabi/4.6.2/../../../../arm-none-eabi/lib/armv7-m\libcr_nohost.a(__sys_istty.o)
 .comment       0x00000000       0x71 c:/nxp/lpcxpresso_5.2.6_2137/lpcxpresso/tools/bin/../lib/gcc/arm-none-eabi/4.6.2/../../../../arm-none-eabi/lib/armv7-m\libcr_nohost.a(__sys_read.o)
 .comment       0x00000000       0x71 c:/nxp/lpcxpresso_5.2.6_2137/lpcxpresso/tools/bin/../lib/gcc/arm-none-eabi/4.6.2/../../../../arm-none-eabi/lib/armv7-m\libcr_nohost.a(__sys_readc.o)
 .comment       0x00000000       0x71 c:/nxp/lpcxpresso_5.2.6_2137/lpcxpresso/tools/bin/../lib/gcc/arm-none-eabi/4.6.2/../../../../arm-none-eabi/lib/armv7-m\libcr_nohost.a(__sys_remove.o)
 .comment       0x00000000       0x71 c:/nxp/lpcxpresso_5.2.6_2137/lpcxpresso/tools/bin/../lib/gcc/arm-none-eabi/4.6.2/../../../../arm-none-eabi/lib/armv7-m\libcr_nohost.a(__sys_rename.o)
 .comment       0x00000000       0x71 c:/nxp/lpcxpresso_5.2.6_2137/lpcxpresso/tools/bin/../lib/gcc/arm-none-eabi/4.6.2/../../../../arm-none-eabi/lib/armv7-m\libcr_nohost.a(__sys_seek.o)
 .comment       0x00000000       0x71 c:/nxp/lpcxpresso_5.2.6_2137/lpcxpresso/tools/bin/../lib/gcc/arm-none-eabi/4.6.2/../../../../arm-none-eabi/lib/armv7-m\libcr_nohost.a(__sys_tmpnam.o)
 .comment       0x00000000       0x71 c:/nxp/lpcxpresso_5.2.6_2137/lpcxpresso/tools/bin/../lib/gcc/arm-none-eabi/4.6.2/../../../../arm-none-eabi/lib/armv7-m\libcr_nohost.a(__sys_write.o)
 .comment       0x00000000       0x71 c:/nxp/lpcxpresso_5.2.6_2137/lpcxpresso/tools/bin/../lib/gcc/arm-none-eabi/4.6.2/../../../../arm-none-eabi/lib/armv7-m\libcr_nohost.a(_cr_sbrk.o)
 .comment       0x00000000       0x71 c:/nxp/lpcxpresso_5.2.6_2137/lpcxpresso/tools/bin/../lib/gcc/arm-none-eabi/4.6.2/../../../../arm-none-eabi/lib/armv7-m\libcr_nohost.a(_cr_check_heap.o)

.ARM.attributes
                0x00000000       0x31
 .ARM.attributes
                0x00000000       0x33 ./src/SPI2.o
 .ARM.attributes
                0x00000033       0x33 ./src/adc.o
 .ARM.attributes
                0x00000066       0x33 ./src/cr_startup_lpc176x.o
 .ARM.attributes
                0x00000099       0x33 ./src/ece471.o
 .ARM.attributes
                0x000000cc       0x33 ./src/lcd.o
 .ARM.attributes
                0x000000ff       0x33 ./src/main.o
 .ARM.attributes
                0x00000132       0x33 ./src/socket.o
 .ARM.attributes
                0x00000165       0x33 ./src/ssp.o
 .ARM.attributes
                0x00000198       0x33 ./src/tcp.o
 .ARM.attributes
                0x000001cb       0x33 ./src/udp.o
 .ARM.attributes
                0x000001fe       0x33 ./src/util.o
 .ARM.attributes
                0x00000231       0x33 ./src/w5200.o
 .ARM.attributes
                0x00000264       0x33 C:\Users\Evan\Desktop\ECE471_Public\Labs\Lab1\CMSISv2p00_LPC17xx\Debug\libCMSISv2p00_LPC17xx.a(system_LPC17xx.o)
 .ARM.attributes
                0x00000297       0x33 c:/nxp/lpcxpresso_5.2.6_2137/lpcxpresso/tools/bin/../lib/gcc/arm-none-eabi/4.6.2/../../../../arm-none-eabi/lib/armv7-m\libcr_nohost.a(_cr__main.o)
 .ARM.attributes
                0x000002ca       0x33 c:/nxp/lpcxpresso_5.2.6_2137/lpcxpresso/tools/bin/../lib/gcc/arm-none-eabi/4.6.2/../../../../arm-none-eabi/lib/armv7-m\libcr_c.a(fpprintf.o)
 .ARM.attributes
                0x000002fd       0x33 c:/nxp/lpcxpresso_5.2.6_2137/lpcxpresso/tools/bin/../lib/gcc/arm-none-eabi/4.6.2/../../../../arm-none-eabi/lib/armv7-m\libcr_c.a(initio.o)
 .ARM.attributes
                0x00000330       0x33 c:/nxp/lpcxpresso_5.2.6_2137/lpcxpresso/tools/bin/../lib/gcc/arm-none-eabi/4.6.2/../../../../arm-none-eabi/lib/armv7-m\libcr_c.a(printf.o)
 .ARM.attributes
                0x00000363       0x33 c:/nxp/lpcxpresso_5.2.6_2137/lpcxpresso/tools/bin/../lib/gcc/arm-none-eabi/4.6.2/../../../../arm-none-eabi/lib/armv7-m\libcr_c.a(setvbuf.o)
 .ARM.attributes
                0x00000396       0x33 c:/nxp/lpcxpresso_5.2.6_2137/lpcxpresso/tools/bin/../lib/gcc/arm-none-eabi/4.6.2/../../../../arm-none-eabi/lib/armv7-m\libcr_c.a(stdio.o)
 .ARM.attributes
                0x000003c9       0x33 c:/nxp/lpcxpresso_5.2.6_2137/lpcxpresso/tools/bin/../lib/gcc/arm-none-eabi/4.6.2/../../../../arm-none-eabi/lib/armv7-m\libcr_c.a(strlen.o)
 .ARM.attributes
                0x000003fc       0x33 c:/nxp/lpcxpresso_5.2.6_2137/lpcxpresso/tools/bin/../lib/gcc/arm-none-eabi/4.6.2/../../../../arm-none-eabi/lib/armv7-m\libcr_c.a(strstr.o)
 .ARM.attributes
                0x0000042f       0x33 c:/nxp/lpcxpresso_5.2.6_2137/lpcxpresso/tools/bin/../lib/gcc/arm-none-eabi/4.6.2/../../../../arm-none-eabi/lib/armv7-m\libcr_c.a(memset.o)
 .ARM.attributes
                0x00000462       0x33 c:/nxp/lpcxpresso_5.2.6_2137/lpcxpresso/tools/bin/../lib/gcc/arm-none-eabi/4.6.2/../../../../arm-none-eabi/lib/armv7-m\libcr_c.a(__fillbuf.o)
 .ARM.attributes
                0x00000495       0x33 c:/nxp/lpcxpresso_5.2.6_2137/lpcxpresso/tools/bin/../lib/gcc/arm-none-eabi/4.6.2/../../../../arm-none-eabi/lib/armv7-m\libcr_c.a(_deferredlazyseek.o)
 .ARM.attributes
                0x000004c8       0x33 c:/nxp/lpcxpresso_5.2.6_2137/lpcxpresso/tools/bin/../lib/gcc/arm-none-eabi/4.6.2/../../../../arm-none-eabi/lib/armv7-m\libcr_c.a(_fdopen.o)
 .ARM.attributes
                0x000004fb       0x33 c:/nxp/lpcxpresso_5.2.6_2137/lpcxpresso/tools/bin/../lib/gcc/arm-none-eabi/4.6.2/../../../../arm-none-eabi/lib/armv7-m\libcr_c.a(_fflush.o)
 .ARM.attributes
                0x0000052e       0x33 c:/nxp/lpcxpresso_5.2.6_2137/lpcxpresso/tools/bin/../lib/gcc/arm-none-eabi/4.6.2/../../../../arm-none-eabi/lib/armv7-m\libcr_c.a(_frexpl.o)
 .ARM.attributes
                0x00000561       0x33 c:/nxp/lpcxpresso_5.2.6_2137/lpcxpresso/tools/bin/../lib/gcc/arm-none-eabi/4.6.2/../../../../arm-none-eabi/lib/armv7-m\libcr_c.a(_ldexpl.o)
 .ARM.attributes
                0x00000594       0x33 c:/nxp/lpcxpresso_5.2.6_2137/lpcxpresso/tools/bin/../lib/gcc/arm-none-eabi/4.6.2/../../../../arm-none-eabi/lib/armv7-m\libcr_c.a(_writebuf.o)
 .ARM.attributes
                0x000005c7       0x33 c:/nxp/lpcxpresso_5.2.6_2137/lpcxpresso/tools/bin/../lib/gcc/arm-none-eabi/4.6.2/../../../../arm-none-eabi/lib/armv7-m\libcr_c.a(alloc.o)
 .ARM.attributes
                0x000005fa       0x33 c:/nxp/lpcxpresso_5.2.6_2137/lpcxpresso/tools/bin/../lib/gcc/arm-none-eabi/4.6.2/../../../../arm-none-eabi/lib/armv7-m\libcr_c.a(errno.o)
 .ARM.attributes
                0x0000062d       0x33 c:/nxp/lpcxpresso_5.2.6_2137/lpcxpresso/tools/bin/../lib/gcc/arm-none-eabi/4.6.2/../../../../arm-none-eabi/lib/armv7-m\libcr_c.a(fclose.o)
 .ARM.attributes
                0x00000660       0x33 c:/nxp/lpcxpresso_5.2.6_2137/lpcxpresso/tools/bin/../lib/gcc/arm-none-eabi/4.6.2/../../../../arm-none-eabi/lib/armv7-m\libcr_c.a(fflush.o)
 .ARM.attributes
                0x00000693       0x33 c:/nxp/lpcxpresso_5.2.6_2137/lpcxpresso/tools/bin/../lib/gcc/arm-none-eabi/4.6.2/../../../../arm-none-eabi/lib/armv7-m\libcr_c.a(fseek.o)
 .ARM.attributes
                0x000006c6       0x33 c:/nxp/lpcxpresso_5.2.6_2137/lpcxpresso/tools/bin/../lib/gcc/arm-none-eabi/4.6.2/../../../../arm-none-eabi/lib/armv7-m\libcr_c.a(ftell.o)
 .ARM.attributes
                0x000006f9       0x33 c:/nxp/lpcxpresso_5.2.6_2137/lpcxpresso/tools/bin/../lib/gcc/arm-none-eabi/4.6.2/../../../../arm-none-eabi/lib/armv7-m\libcr_c.a(remove.o)
 .ARM.attributes
                0x0000072c       0x33 c:/nxp/lpcxpresso_5.2.6_2137/lpcxpresso/tools/bin/../lib/gcc/arm-none-eabi/4.6.2/../../../../arm-none-eabi/lib/armv7-m\libcr_c.a(memcpy.o)
 .ARM.attributes
                0x0000075f       0x33 c:/nxp/lpcxpresso_5.2.6_2137/lpcxpresso/tools/bin/../lib/gcc/arm-none-eabi/4.6.2/../../../../arm-none-eabi/lib/armv7-m\libcr_c.a(__init_alloc.o)
 .ARM.attributes
                0x00000792       0x33 c:/nxp/lpcxpresso_5.2.6_2137/lpcxpresso/tools/bin/../lib/gcc/arm-none-eabi/4.6.2/../../../../arm-none-eabi/lib/armv7-m\libcr_c.a(_do_fflush.o)
 .ARM.attributes
                0x000007c5       0x33 c:/nxp/lpcxpresso_5.2.6_2137/lpcxpresso/tools/bin/../lib/gcc/arm-none-eabi/4.6.2/../../../../arm-none-eabi/lib/armv7-m\libcr_c.a(_hugeval.o)
 .ARM.attributes
                0x000007f8       0x21 c:/nxp/lpcxpresso_5.2.6_2137/lpcxpresso/tools/bin/../lib/gcc/arm-none-eabi/4.6.2/armv7-m\libcr_eabihelpers.a(division.o)
 .ARM.attributes
                0x00000819       0x33 c:/nxp/lpcxpresso_5.2.6_2137/lpcxpresso/tools/bin/../lib/gcc/arm-none-eabi/4.6.2/armv7-m\libcr_eabihelpers.a(double.o)
 .ARM.attributes
                0x0000084c       0x21 c:/nxp/lpcxpresso_5.2.6_2137/lpcxpresso/tools/bin/../lib/gcc/arm-none-eabi/4.6.2/armv7-m\libcr_eabihelpers.a(memcpy.o)
 .ARM.attributes
                0x0000086d       0x33 c:/nxp/lpcxpresso_5.2.6_2137/lpcxpresso/tools/bin/../lib/gcc/arm-none-eabi/4.6.2/../../../../arm-none-eabi/lib/armv7-m\libcr_nohost.a(__sys_appexit.o)
 .ARM.attributes
                0x000008a0       0x33 c:/nxp/lpcxpresso_5.2.6_2137/lpcxpresso/tools/bin/../lib/gcc/arm-none-eabi/4.6.2/../../../../arm-none-eabi/lib/armv7-m\libcr_nohost.a(__sys_close.o)
 .ARM.attributes
                0x000008d3       0x33 c:/nxp/lpcxpresso_5.2.6_2137/lpcxpresso/tools/bin/../lib/gcc/arm-none-eabi/4.6.2/../../../../arm-none-eabi/lib/armv7-m\libcr_nohost.a(__sys_flen.o)
 .ARM.attributes
                0x00000906       0x33 c:/nxp/lpcxpresso_5.2.6_2137/lpcxpresso/tools/bin/../lib/gcc/arm-none-eabi/4.6.2/../../../../arm-none-eabi/lib/armv7-m\libcr_nohost.a(__sys_istty.o)
 .ARM.attributes
                0x00000939       0x33 c:/nxp/lpcxpresso_5.2.6_2137/lpcxpresso/tools/bin/../lib/gcc/arm-none-eabi/4.6.2/../../../../arm-none-eabi/lib/armv7-m\libcr_nohost.a(__sys_read.o)
 .ARM.attributes
                0x0000096c       0x33 c:/nxp/lpcxpresso_5.2.6_2137/lpcxpresso/tools/bin/../lib/gcc/arm-none-eabi/4.6.2/../../../../arm-none-eabi/lib/armv7-m\libcr_nohost.a(__sys_readc.o)
 .ARM.attributes
                0x0000099f       0x33 c:/nxp/lpcxpresso_5.2.6_2137/lpcxpresso/tools/bin/../lib/gcc/arm-none-eabi/4.6.2/../../../../arm-none-eabi/lib/armv7-m\libcr_nohost.a(__sys_remove.o)
 .ARM.attributes
                0x000009d2       0x33 c:/nxp/lpcxpresso_5.2.6_2137/lpcxpresso/tools/bin/../lib/gcc/arm-none-eabi/4.6.2/../../../../arm-none-eabi/lib/armv7-m\libcr_nohost.a(__sys_rename.o)
 .ARM.attributes
                0x00000a05       0x33 c:/nxp/lpcxpresso_5.2.6_2137/lpcxpresso/tools/bin/../lib/gcc/arm-none-eabi/4.6.2/../../../../arm-none-eabi/lib/armv7-m\libcr_nohost.a(__sys_seek.o)
 .ARM.attributes
                0x00000a38       0x33 c:/nxp/lpcxpresso_5.2.6_2137/lpcxpresso/tools/bin/../lib/gcc/arm-none-eabi/4.6.2/../../../../arm-none-eabi/lib/armv7-m\libcr_nohost.a(__sys_tmpnam.o)
 .ARM.attributes
                0x00000a6b       0x33 c:/nxp/lpcxpresso_5.2.6_2137/lpcxpresso/tools/bin/../lib/gcc/arm-none-eabi/4.6.2/../../../../arm-none-eabi/lib/armv7-m\libcr_nohost.a(__sys_write.o)
 .ARM.attributes
                0x00000a9e       0x33 c:/nxp/lpcxpresso_5.2.6_2137/lpcxpresso/tools/bin/../lib/gcc/arm-none-eabi/4.6.2/../../../../arm-none-eabi/lib/armv7-m\libcr_nohost.a(_cr_sbrk.o)
 .ARM.attributes
                0x00000ad1       0x33 c:/nxp/lpcxpresso_5.2.6_2137/lpcxpresso/tools/bin/../lib/gcc/arm-none-eabi/4.6.2/../../../../arm-none-eabi/lib/armv7-m\libcr_nohost.a(_cr_check_heap.o)

.debug_frame    0x00000000      0xd2c
 .debug_frame   0x00000000       0x68 ./src/SPI2.o
 .debug_frame   0x00000068       0x4c ./src/adc.o
 .debug_frame   0x000000b4       0xf4 ./src/cr_startup_lpc176x.o
 .debug_frame   0x000001a8       0x7c ./src/ece471.o
 .debug_frame   0x00000224      0x204 ./src/lcd.o
 .debug_frame   0x00000428       0x2c ./src/main.o
 .debug_frame   0x00000454      0x130 ./src/socket.o
 .debug_frame   0x00000584       0x80 ./src/ssp.o
 .debug_frame   0x00000604       0x70 ./src/tcp.o
 .debug_frame   0x00000674       0x50 ./src/udp.o
 .debug_frame   0x000006c4       0xac ./src/util.o
 .debug_frame   0x00000770      0x580 ./src/w5200.o
 .debug_frame   0x00000cf0       0x3c C:\Users\Evan\Desktop\ECE471_Public\Labs\Lab1\CMSISv2p00_LPC17xx\Debug\libCMSISv2p00_LPC17xx.a(system_LPC17xx.o)
